Archive member included to satisfy reference by file (symbol)

D:/STM32CubeIDE_1.13.1/STM32CubeIDE/plugins/com.st.stm32cube.ide.mcu.externaltools.gnu-tools-for-stm32.11.3.rel1.win32_1.1.0.202305231506/tools/bin/../lib/gcc/arm-none-eabi/11.3.1/../../../../arm-none-eabi/lib/thumb/v7e-m+dp/hard\libc_nano.a(libc_a-exit.o)
                              D:/STM32CubeIDE_1.13.1/STM32CubeIDE/plugins/com.st.stm32cube.ide.mcu.externaltools.gnu-tools-for-stm32.11.3.rel1.win32_1.1.0.202305231506/tools/bin/../lib/gcc/arm-none-eabi/11.3.1/../../../../arm-none-eabi/lib/thumb/v7e-m+dp/hard/crt0.o (exit)
D:/STM32CubeIDE_1.13.1/STM32CubeIDE/plugins/com.st.stm32cube.ide.mcu.externaltools.gnu-tools-for-stm32.11.3.rel1.win32_1.1.0.202305231506/tools/bin/../lib/gcc/arm-none-eabi/11.3.1/../../../../arm-none-eabi/lib/thumb/v7e-m+dp/hard\libc_nano.a(libc_a-findfp.o)
                              D:/STM32CubeIDE_1.13.1/STM32CubeIDE/plugins/com.st.stm32cube.ide.mcu.externaltools.gnu-tools-for-stm32.11.3.rel1.win32_1.1.0.202305231506/tools/bin/../lib/gcc/arm-none-eabi/11.3.1/../../../../arm-none-eabi/lib/thumb/v7e-m+dp/hard\libc_nano.a(libc_a-exit.o) (__stdio_exit_handler)
D:/STM32CubeIDE_1.13.1/STM32CubeIDE/plugins/com.st.stm32cube.ide.mcu.externaltools.gnu-tools-for-stm32.11.3.rel1.win32_1.1.0.202305231506/tools/bin/../lib/gcc/arm-none-eabi/11.3.1/../../../../arm-none-eabi/lib/thumb/v7e-m+dp/hard\libc_nano.a(libc_a-fwalk.o)
                              D:/STM32CubeIDE_1.13.1/STM32CubeIDE/plugins/com.st.stm32cube.ide.mcu.externaltools.gnu-tools-for-stm32.11.3.rel1.win32_1.1.0.202305231506/tools/bin/../lib/gcc/arm-none-eabi/11.3.1/../../../../arm-none-eabi/lib/thumb/v7e-m+dp/hard\libc_nano.a(libc_a-findfp.o) (_fwalk_sglue)
D:/STM32CubeIDE_1.13.1/STM32CubeIDE/plugins/com.st.stm32cube.ide.mcu.externaltools.gnu-tools-for-stm32.11.3.rel1.win32_1.1.0.202305231506/tools/bin/../lib/gcc/arm-none-eabi/11.3.1/../../../../arm-none-eabi/lib/thumb/v7e-m+dp/hard\libc_nano.a(libc_a-printf.o)
                              ./Core/Src/main.o (printf)
D:/STM32CubeIDE_1.13.1/STM32CubeIDE/plugins/com.st.stm32cube.ide.mcu.externaltools.gnu-tools-for-stm32.11.3.rel1.win32_1.1.0.202305231506/tools/bin/../lib/gcc/arm-none-eabi/11.3.1/../../../../arm-none-eabi/lib/thumb/v7e-m+dp/hard\libc_nano.a(libc_a-stdio.o)
                              D:/STM32CubeIDE_1.13.1/STM32CubeIDE/plugins/com.st.stm32cube.ide.mcu.externaltools.gnu-tools-for-stm32.11.3.rel1.win32_1.1.0.202305231506/tools/bin/../lib/gcc/arm-none-eabi/11.3.1/../../../../arm-none-eabi/lib/thumb/v7e-m+dp/hard\libc_nano.a(libc_a-findfp.o) (__sread)
D:/STM32CubeIDE_1.13.1/STM32CubeIDE/plugins/com.st.stm32cube.ide.mcu.externaltools.gnu-tools-for-stm32.11.3.rel1.win32_1.1.0.202305231506/tools/bin/../lib/gcc/arm-none-eabi/11.3.1/../../../../arm-none-eabi/lib/thumb/v7e-m+dp/hard\libc_nano.a(libc_a-memset.o)
                              D:/STM32CubeIDE_1.13.1/STM32CubeIDE/plugins/com.st.stm32cube.ide.mcu.externaltools.gnu-tools-for-stm32.11.3.rel1.win32_1.1.0.202305231506/tools/bin/../lib/gcc/arm-none-eabi/11.3.1/../../../../arm-none-eabi/lib/thumb/v7e-m+dp/hard/crt0.o (memset)
D:/STM32CubeIDE_1.13.1/STM32CubeIDE/plugins/com.st.stm32cube.ide.mcu.externaltools.gnu-tools-for-stm32.11.3.rel1.win32_1.1.0.202305231506/tools/bin/../lib/gcc/arm-none-eabi/11.3.1/../../../../arm-none-eabi/lib/thumb/v7e-m+dp/hard\libc_nano.a(libc_a-closer.o)
                              D:/STM32CubeIDE_1.13.1/STM32CubeIDE/plugins/com.st.stm32cube.ide.mcu.externaltools.gnu-tools-for-stm32.11.3.rel1.win32_1.1.0.202305231506/tools/bin/../lib/gcc/arm-none-eabi/11.3.1/../../../../arm-none-eabi/lib/thumb/v7e-m+dp/hard\libc_nano.a(libc_a-stdio.o) (_close_r)
D:/STM32CubeIDE_1.13.1/STM32CubeIDE/plugins/com.st.stm32cube.ide.mcu.externaltools.gnu-tools-for-stm32.11.3.rel1.win32_1.1.0.202305231506/tools/bin/../lib/gcc/arm-none-eabi/11.3.1/../../../../arm-none-eabi/lib/thumb/v7e-m+dp/hard\libc_nano.a(libc_a-reent.o)
                              D:/STM32CubeIDE_1.13.1/STM32CubeIDE/plugins/com.st.stm32cube.ide.mcu.externaltools.gnu-tools-for-stm32.11.3.rel1.win32_1.1.0.202305231506/tools/bin/../lib/gcc/arm-none-eabi/11.3.1/../../../../arm-none-eabi/lib/thumb/v7e-m+dp/hard\libc_nano.a(libc_a-closer.o) (errno)
D:/STM32CubeIDE_1.13.1/STM32CubeIDE/plugins/com.st.stm32cube.ide.mcu.externaltools.gnu-tools-for-stm32.11.3.rel1.win32_1.1.0.202305231506/tools/bin/../lib/gcc/arm-none-eabi/11.3.1/../../../../arm-none-eabi/lib/thumb/v7e-m+dp/hard\libc_nano.a(libc_a-impure.o)
                              D:/STM32CubeIDE_1.13.1/STM32CubeIDE/plugins/com.st.stm32cube.ide.mcu.externaltools.gnu-tools-for-stm32.11.3.rel1.win32_1.1.0.202305231506/tools/bin/../lib/gcc/arm-none-eabi/11.3.1/../../../../arm-none-eabi/lib/thumb/v7e-m+dp/hard\libc_nano.a(libc_a-printf.o) (_impure_ptr)
[...]
Memory Configuration

Name             Origin             Length             Attributes
FLASH            0x0000000008000000 0x0000000000020000 xr
DTCMRAM          0x0000000020000000 0x0000000000020000 xrw
RAM_D1           0x0000000024000000 0x0000000000080000 xrw
RAM_D2           0x0000000030000000 0x0000000000048000 xrw
RAM_D3           0x0000000038000000 0x0000000000010000 xrw
ITCMRAM          0x0000000000000000 0x0000000000010000 xrw
*default*        0x0000000000000000 0xffffffffffffffff

Linker script and memory map

LOAD D:/STM32CubeIDE_1.13.1/STM32CubeIDE/plugins/com.st.stm32cube.ide.mcu.externaltools.gnu-tools-for-stm32.11.3.rel1.win32_1.1.0.202305231506/tools/bin/../lib/gcc/arm-none-eabi/11.3.1/thumb/v7e-m+dp/hard/crti.o
LOAD D:/STM32CubeIDE_1.13.1/STM32CubeIDE/plugins/com.st.stm32cube.ide.mcu.externaltools.gnu-tools-for-stm32.11.3.rel1.win32_1.1.0.202305231506/tools/bin/../lib/gcc/arm-none-eabi/11.3.1/thumb/v7e-m+dp/hard/crtbegin.o
LOAD D:/STM32CubeIDE_1.13.1/STM32CubeIDE/plugins/com.st.stm32cube.ide.mcu.externaltools.gnu-tools-for-stm32.11.3.rel1.win32_1.1.0.202305231506/tools/bin/../lib/gcc/arm-none-eabi/11.3.1/../../../../arm-none-eabi/lib/thumb/v7e-m+dp/hard/crt0.o
LOAD ./Core/Src/main.o
LOAD ./Core/Src/ov7670.o
LOAD ./Core/Src/stm32h7xx_hal_msp.o
LOAD ./Core/Src/stm32h7xx_it.o
LOAD ./Core/Src/syscalls.o
LOAD ./Core/Src/sysmem.o
LOAD ./Core/Src/system_stm32h7xx.o
LOAD ./Core/Startup/startup_stm32h750vbtx.o
LOAD ./Drivers/STM32H7xx_HAL_Driver/stm32h7xx_hal.o
LOAD ./Drivers/STM32H7xx_HAL_Driver/stm32h7xx_hal_cortex.o
LOAD ./Drivers/STM32H7xx_HAL_Driver/stm32h7xx_hal_dcmi.o
LOAD ./Drivers/STM32H7xx_HAL_Driver/stm32h7xx_hal_dma.o
LOAD ./Drivers/STM32H7xx_HAL_Driver/stm32h7xx_hal_dma_ex.o
LOAD ./Drivers/STM32H7xx_HAL_Driver/stm32h7xx_hal_exti.o
LOAD ./Drivers/STM32H7xx_HAL_Driver/stm32h7xx_hal_flash.o
LOAD ./Drivers/STM32H7xx_HAL_Driver/stm32h7xx_hal_flash_ex.o
LOAD ./Drivers/STM32H7xx_HAL_Driver/stm32h7xx_hal_gpio.o
LOAD ./Drivers/STM32H7xx_HAL_Driver/stm32h7xx_hal_hsem.o
LOAD ./Drivers/STM32H7xx_HAL_Driver/stm32h7xx_hal_i2c.o
LOAD ./Drivers/STM32H7xx_HAL_Driver/stm32h7xx_hal_i2c_ex.o
LOAD ./Drivers/STM32H7xx_HAL_Driver/stm32h7xx_hal_mdma.o
LOAD ./Drivers/STM32H7xx_HAL_Driver/stm32h7xx_hal_pwr.o
LOAD ./Drivers/STM32H7xx_HAL_Driver/stm32h7xx_hal_pwr_ex.o
LOAD ./Drivers/STM32H7xx_HAL_Driver/stm32h7xx_hal_rcc.o
LOAD ./Drivers/STM32H7xx_HAL_Driver/stm32h7xx_hal_rcc_ex.o
LOAD ./Drivers/STM32H7xx_HAL_Driver/stm32h7xx_hal_tim.o
LOAD ./Drivers/STM32H7xx_HAL_Driver/stm32h7xx_hal_tim_ex.o
START GROUP
LOAD D:/STM32CubeIDE_1.13.1/STM32CubeIDE/plugins/com.st.stm32cube.ide.mcu.externaltools.gnu-tools-for-stm32.11.3.rel1.win32_1.1.0.202305231506/tools/bin/../lib/gcc/arm-none-eabi/11.3.1/../../../../arm-none-eabi/lib/thumb/v7e-m+dp/hard\libc_nano.a
LOAD D:/STM32CubeIDE_1.13.1/STM32CubeIDE/plugins/com.st.stm32cube.ide.mcu.externaltools.gnu-tools-for-stm32.11.3.rel1.win32_1.1.0.202305231506/tools/bin/../lib/gcc/arm-none-eabi/11.3.1/../../../../arm-none-eabi/lib/thumb/v7e-m+dp/hard\libm.a
END GROUP
START GROUP
LOAD D:/STM32CubeIDE_1.13.1/STM32CubeIDE/plugins/com.st.stm32cube.ide.mcu.externaltools.gnu-tools-for-stm32.11.3.rel1.win32_1.1.0.202305231506/tools/bin/../lib/gcc/arm-none-eabi/11.3.1/thumb/v7e-m+dp/hard\libgcc.a
LOAD D:/STM32CubeIDE_1.13.1/STM32CubeIDE/plugins/com.st.stm32cube.ide.mcu.externaltools.gnu-tools-for-stm32.11.3.rel1.win32_1.1.0.202305231506/tools/bin/../lib/gcc/arm-none-eabi/11.3.1/../../../../arm-none-eabi/lib/thumb/v7e-m+dp/hard\libc_nano.a
END GROUP
START GROUP
LOAD D:/STM32CubeIDE_1.13.1/STM32CubeIDE/plugins/com.st.stm32cube.ide.mcu.externaltools.gnu-tools-for-stm32.11.3.rel1.win32_1.1.0.202305231506/tools/bin/../lib/gcc/arm-none-eabi/11.3.1/thumb/v7e-m+dp/hard\libgcc.a
LOAD D:/STM32CubeIDE_1.13.1/STM32CubeIDE/plugins/com.st.stm32cube.ide.mcu.externaltools.gnu-tools-for-stm32.11.3.rel1.win32_1.1.0.202305231506/tools/bin/../lib/gcc/arm-none-eabi/11.3.1/../../../../arm-none-eabi/lib/thumb/v7e-m+dp/hard\libc_nano.a
LOAD D:/STM32CubeIDE_1.13.1/STM32CubeIDE/plugins/com.st.stm32cube.ide.mcu.externaltools.gnu-tools-for-stm32.11.3.rel1.win32_1.1.0.202305231506/tools/bin/../lib/gcc/arm-none-eabi/11.3.1/../../../../arm-none-eabi/lib/thumb/v7e-m+dp/hard\libnosys.a
END GROUP
START GROUP
LOAD D:/STM32CubeIDE_1.13.1/STM32CubeIDE/plugins/com.st.stm32cube.ide.mcu.externaltools.gnu-tools-for-stm32.11.3.rel1.win32_1.1.0.202305231506/tools/bin/../lib/gcc/arm-none-eabi/11.3.1/thumb/v7e-m+dp/hard\libgcc.a
LOAD D:/STM32CubeIDE_1.13.1/STM32CubeIDE/plugins/com.st.stm32cube.ide.mcu.externaltools.gnu-tools-for-stm32.11.3.rel1.win32_1.1.0.202305231506/tools/bin/../lib/gcc/arm-none-eabi/11.3.1/../../../../arm-none-eabi/lib/thumb/v7e-m+dp/hard\libc_nano.a
LOAD D:/STM32CubeIDE_1.13.1/STM32CubeIDE/plugins/com.st.stm32cube.ide.mcu.externaltools.gnu-tools-for-stm32.11.3.rel1.win32_1.1.0.202305231506/tools/bin/../lib/gcc/arm-none-eabi/11.3.1/../../../../arm-none-eabi/lib/thumb/v7e-m+dp/hard\libnosys.a
END GROUP
LOAD D:/STM32CubeIDE_1.13.1/STM32CubeIDE/plugins/com.st.stm32cube.ide.mcu.externaltools.gnu-tools-for-stm32.11.3.rel1.win32_1.1.0.202305231506/tools/bin/../lib/gcc/arm-none-eabi/11.3.1/thumb/v7e-m+dp/hard/crtend.o
LOAD D:/STM32CubeIDE_1.13.1/STM32CubeIDE/plugins/com.st.stm32cube.ide.mcu.externaltools.gnu-tools-for-stm32.11.3.rel1.win32_1.1.0.202305231506/tools/bin/../lib/gcc/arm-none-eabi/11.3.1/thumb/v7e-m+dp/hard/crtn.o
                0x0000000024080000                _estack = (ORIGIN (RAM_D1) + LENGTH (RAM_D1))
                0x0000000000000200                _Min_Heap_Size = 0x200
                0x0000000000000400                _Min_Stack_Size = 0x400
                0x0000000008000000                _flash_start = ORIGIN (FLASH)
                0x0000000008020000                _flash_end = (ORIGIN (FLASH) + LENGTH (FLASH))
                0x0000000024000000                _ram_start = ORIGIN (RAM_D1)
                0x0000000024080000                _ram_end = (ORIGIN (RAM_D1) + LENGTH (RAM_D1))

.isr_vector     0x0000000008000000      0x298
                0x0000000008000000                . = ALIGN (0x4)
 *(.isr_vector)
 .isr_vector    0x0000000008000000      0x298 ./Core/Startup/startup_stm32h750vbtx.o
                0x0000000008000000                g_pfnVectors
                0x0000000008000298                . = ALIGN (0x4)

.text           0x00000000080002a0     0x5f54
                0x00000000080002a0                . = ALIGN (0x4)
 *(.text)
 .text          0x00000000080002a0       0x40 D:/STM32CubeIDE_1.13.1/STM32CubeIDE/plugins/com.st.stm32cube.ide.mcu.externaltools.gnu-tools-for-stm32.11.3.rel1.win32_1.1.0.202305231506/tools/bin/../lib/gcc/arm-none-eabi/11.3.1/thumb/v7e-m+dp/hard/crtbegin.o
 .text          0x00000000080002e0       0xa0 D:/STM32CubeIDE_1.13.1/STM32CubeIDE/plugins/com.st.stm32cube.ide.mcu.externaltools.gnu-tools-for-stm32.11.3.rel1.win32_1.1.0.202305231506/tools/bin/../lib/gcc/arm-none-eabi/11.3.1/../../../../arm-none-eabi/lib/thumb/v7e-m+dp/hard\libc_nano.a(libc_a-memchr.o)
                0x00000000080002e0                memchr
 *(.text*)
 .text.check_memory_usage
                0x0000000008000380       0x48 ./Core/Src/main.o
                0x0000000008000380                check_memory_usage
 .text.main     0x00000000080003c8       0x64 ./Core/Src/main.o
                0x00000000080003c8                main
 .text.SystemClock_Config
                0x000000000800042c       0x76 ./Core/Src/main.o
                0x000000000800042c                SystemClock_Config
 *fill*         0x00000000080004a2        0x2 
 .text.MX_GPIO_Init
                0x00000000080004a4       0xbc ./Core/Src/main.o
 .text.MX_DMA_Init
                0x0000000008000560       0x40 ./Core/Src/main.o
 .text.MX_I2C1_Init
                0x00000000080005a0       0x44 ./Core/Src/main.o
 .text.MX_TIM1_Init
                0x00000000080005e4       0x70 ./Core/Src/main.o
 .text.MX_DCMI_Init
                0x0000000008000654       0x40 ./Core/Src/main.o
 .text.OV7670_Init
                0x0000000008000694       0xa0 ./Core/Src/ov7670.o
                0x0000000008000694                OV7670_Init
 .text.OV7670_WriteRegister
                0x0000000008000734       0x34 ./Core/Src/ov7670.o
                0x0000000008000734                OV7670_WriteRegister
 .text.HAL_MspInit
                0x0000000008000768       0x34 ./Core/Src/stm32h7xx_hal_msp.o
                0x0000000008000768                HAL_MspInit
 .text.HAL_DCMI_MspInit
                0x000000000800079c      0x1a0 ./Core/Src/stm32h7xx_hal_msp.o
                0x000000000800079c                HAL_DCMI_MspInit
 .text.HAL_TIM_PWM_MspInit
                0x000000000800093c       0x44 ./Core/Src/stm32h7xx_hal_msp.o
                0x000000000800093c                HAL_TIM_PWM_MspInit
 .text.NMI_Handler
                0x0000000008000980        0x6 ./Core/Src/stm32h7xx_it.o
                0x0000000008000980                NMI_Handler
 .text.HardFault_Handler
                0x0000000008000986        0x6 ./Core/Src/stm32h7xx_it.o
                0x0000000008000986                HardFault_Handler
 .text.MemManage_Handler
                0x000000000800098c        0x6 ./Core/Src/stm32h7xx_it.o
                0x000000000800098c                MemManage_Handler
 .text.BusFault_Handler
                0x0000000008000992        0x6 ./Core/Src/stm32h7xx_it.o
                0x0000000008000992                BusFault_Handler
 .text.UsageFault_Handler
                0x0000000008000998        0x6 ./Core/Src/stm32h7xx_it.o
                0x0000000008000998                UsageFault_Handler
 .text.SVC_Handler
                0x000000000800099e        0xe ./Core/Src/stm32h7xx_it.o
                0x000000000800099e                SVC_Handler
 .text.DebugMon_Handler
                0x00000000080009ac        0xe ./Core/Src/stm32h7xx_it.o
                0x00000000080009ac                DebugMon_Handler
 .text.PendSV_Handler
                0x00000000080009ba        0xe ./Core/Src/stm32h7xx_it.o
                0x00000000080009ba                PendSV_Handler
 .text.SysTick_Handler
                0x00000000080009c8        0xc ./Core/Src/stm32h7xx_it.o
                0x00000000080009c8                SysTick_Handler
 .text._read    0x00000000080009d4       0x3a ./Core/Src/syscalls.o
                0x00000000080009d4                _read
 .text._write   0x0000000008000a0e       0x38 ./Core/Src/syscalls.o
                0x0000000008000a0e                _write
 .text._close   0x0000000008000a46       0x18 ./Core/Src/syscalls.o
                0x0000000008000a46                _close
 .text._fstat   0x0000000008000a5e       0x20 ./Core/Src/syscalls.o
                0x0000000008000a5e                _fstat
 .text._isatty  0x0000000008000a7e       0x16 ./Core/Src/syscalls.o
                0x0000000008000a7e                _isatty
 .text._lseek   0x0000000008000a94       0x1a ./Core/Src/syscalls.o
                0x0000000008000a94                _lseek
 *fill*         0x0000000008000aae        0x2 
 .text._sbrk    0x0000000008000ab0       0x6c ./Core/Src/sysmem.o
                0x0000000008000ab0                _sbrk
 .text.SystemInit
                0x0000000008000b1c      0x110 ./Core/Src/system_stm32h7xx.o
                0x0000000008000b1c                SystemInit
 .text.Reset_Handler
                0x0000000008000c2c       0x50 ./Core/Startup/startup_stm32h750vbtx.o
                0x0000000008000c2c                Reset_Handler
 .text.Default_Handler
                0x0000000008000c7c        0x2 ./Core/Startup/startup_stm32h750vbtx.o
                0x0000000008000c7c                RTC_Alarm_IRQHandler
                0x0000000008000c7c                HASH_RNG_IRQHandler
                0x0000000008000c7c                EXTI2_IRQHandler
                0x0000000008000c7c                TIM8_CC_IRQHandler
                0x0000000008000c7c                HRTIM1_Master_IRQHandler
                0x0000000008000c7c                UART8_IRQHandler
                0x0000000008000c7c                SPI4_IRQHandler
                0x0000000008000c7c                TIM1_CC_IRQHandler
                0x0000000008000c7c                BDMA_Channel6_IRQHandler
                0x0000000008000c7c                DMA2_Stream5_IRQHandler
                0x0000000008000c7c                HRTIM1_FLT_IRQHandler
                0x0000000008000c7c                JPEG_IRQHandler
                0x0000000008000c7c                DMA1_Stream5_IRQHandler
                0x0000000008000c7c                BDMA_Channel1_IRQHandler
                0x0000000008000c7c                HRTIM1_TIMD_IRQHandler
                0x0000000008000c7c                TAMP_STAMP_IRQHandler
                0x0000000008000c7c                EXTI3_IRQHandler
                0x0000000008000c7c                LPTIM4_IRQHandler
                0x0000000008000c7c                TIM8_TRG_COM_TIM14_IRQHandler
                0x0000000008000c7c                LPTIM2_IRQHandler
                0x0000000008000c7c                DFSDM1_FLT1_IRQHandler
                0x0000000008000c7c                DMAMUX2_OVR_IRQHandler
                0x0000000008000c7c                TIM8_UP_TIM13_IRQHandler
                0x0000000008000c7c                I2C3_ER_IRQHandler
                0x0000000008000c7c                DFSDM1_FLT2_IRQHandler
                0x0000000008000c7c                MDMA_IRQHandler
                0x0000000008000c7c                LPTIM3_IRQHandler
                0x0000000008000c7c                HSEM1_IRQHandler
                0x0000000008000c7c                EXTI0_IRQHandler
                0x0000000008000c7c                I2C2_EV_IRQHandler
                0x0000000008000c7c                DMA1_Stream2_IRQHandler
                0x0000000008000c7c                FPU_IRQHandler
                0x0000000008000c7c                OTG_HS_WKUP_IRQHandler
                0x0000000008000c7c                FDCAN1_IT1_IRQHandler
                0x0000000008000c7c                LTDC_ER_IRQHandler
                0x0000000008000c7c                DMA2_Stream2_IRQHandler
                0x0000000008000c7c                HRTIM1_TIME_IRQHandler
                0x0000000008000c7c                SPI1_IRQHandler
                0x0000000008000c7c                TIM6_DAC_IRQHandler
                0x0000000008000c7c                DCMI_IRQHandler
                0x0000000008000c7c                HRTIM1_TIMC_IRQHandler
                0x0000000008000c7c                DMA2_Stream3_IRQHandler
                0x0000000008000c7c                SAI2_IRQHandler
                0x0000000008000c7c                DFSDM1_FLT3_IRQHandler
                0x0000000008000c7c                USART6_IRQHandler
                0x0000000008000c7c                TIM17_IRQHandler
                0x0000000008000c7c                USART3_IRQHandler
                0x0000000008000c7c                BDMA_Channel7_IRQHandler
                0x0000000008000c7c                CRYP_IRQHandler
                0x0000000008000c7c                LPTIM5_IRQHandler
                0x0000000008000c7c                UART5_IRQHandler
                0x0000000008000c7c                ADC3_IRQHandler
                0x0000000008000c7c                DMA2_Stream0_IRQHandler
                0x0000000008000c7c                TIM4_IRQHandler
                0x0000000008000c7c                BDMA_Channel2_IRQHandler
                0x0000000008000c7c                QUADSPI_IRQHandler
                0x0000000008000c7c                I2C1_EV_IRQHandler
                0x0000000008000c7c                DMA1_Stream6_IRQHandler
                0x0000000008000c7c                DMAMUX1_OVR_IRQHandler
                0x0000000008000c7c                DMA1_Stream1_IRQHandler
                0x0000000008000c7c                TIM16_IRQHandler
                0x0000000008000c7c                UART4_IRQHandler
                0x0000000008000c7c                BDMA_Channel5_IRQHandler
                0x0000000008000c7c                TIM3_IRQHandler
                0x0000000008000c7c                RCC_IRQHandler
                0x0000000008000c7c                TIM8_BRK_TIM12_IRQHandler
                0x0000000008000c7c                TIM1_TRG_COM_IRQHandler
                0x0000000008000c7c                Default_Handler
                0x0000000008000c7c                ECC_IRQHandler
                0x0000000008000c7c                CEC_IRQHandler
                0x0000000008000c7c                EXTI15_10_IRQHandler
                0x0000000008000c7c                BDMA_Channel0_IRQHandler
                0x0000000008000c7c                ADC_IRQHandler
                0x0000000008000c7c                DMA1_Stream7_IRQHandler
                0x0000000008000c7c                HRTIM1_TIMA_IRQHandler
                0x0000000008000c7c                SPI5_IRQHandler
                0x0000000008000c7c                TIM7_IRQHandler
                0x0000000008000c7c                SDMMC1_IRQHandler
                0x0000000008000c7c                TIM5_IRQHandler
                0x0000000008000c7c                DMA2_Stream7_IRQHandler
                0x0000000008000c7c                TIM15_IRQHandler
                0x0000000008000c7c                PVD_AVD_IRQHandler
                0x0000000008000c7c                I2C3_EV_IRQHandler
                0x0000000008000c7c                EXTI9_5_IRQHandler
                0x0000000008000c7c                RTC_WKUP_IRQHandler
                0x0000000008000c7c                LTDC_IRQHandler
                0x0000000008000c7c                SAI3_IRQHandler
                0x0000000008000c7c                ETH_WKUP_IRQHandler
                0x0000000008000c7c                SPDIF_RX_IRQHandler
                0x0000000008000c7c                SPI2_IRQHandler
                0x0000000008000c7c                OTG_HS_EP1_IN_IRQHandler
                0x0000000008000c7c                DMA1_Stream0_IRQHandler
                0x0000000008000c7c                CRS_IRQHandler
                0x0000000008000c7c                EXTI4_IRQHandler
                0x0000000008000c7c                HRTIM1_TIMB_IRQHandler
                0x0000000008000c7c                FDCAN2_IT1_IRQHandler
                0x0000000008000c7c                ETH_IRQHandler
                0x0000000008000c7c                TIM1_UP_IRQHandler
                0x0000000008000c7c                BDMA_Channel4_IRQHandler
                0x0000000008000c7c                OTG_HS_EP1_OUT_IRQHandler
                0x0000000008000c7c                WWDG_IRQHandler
                0x0000000008000c7c                SPI6_IRQHandler
                0x0000000008000c7c                MDIOS_IRQHandler
                0x0000000008000c7c                I2C4_EV_IRQHandler
                0x0000000008000c7c                FDCAN2_IT0_IRQHandler
                0x0000000008000c7c                LPUART1_IRQHandler
                0x0000000008000c7c                FDCAN1_IT0_IRQHandler
                0x0000000008000c7c                TIM2_IRQHandler
                0x0000000008000c7c                OTG_FS_WKUP_IRQHandler
                0x0000000008000c7c                OTG_HS_IRQHandler
                0x0000000008000c7c                DMA2D_IRQHandler
                0x0000000008000c7c                TIM1_BRK_IRQHandler
                0x0000000008000c7c                EXTI1_IRQHandler
                0x0000000008000c7c                SDMMC2_IRQHandler
                0x0000000008000c7c                OTG_FS_EP1_OUT_IRQHandler
                0x0000000008000c7c                BDMA_Channel3_IRQHandler
                0x0000000008000c7c                UART7_IRQHandler
                0x0000000008000c7c                MDIOS_WKUP_IRQHandler
                0x0000000008000c7c                USART2_IRQHandler
                0x0000000008000c7c                DFSDM1_FLT0_IRQHandler
                0x0000000008000c7c                SAI4_IRQHandler
                0x0000000008000c7c                I2C2_ER_IRQHandler
                0x0000000008000c7c                DMA2_Stream1_IRQHandler
                0x0000000008000c7c                FLASH_IRQHandler
                0x0000000008000c7c                DMA2_Stream4_IRQHandler
                0x0000000008000c7c                USART1_IRQHandler
                0x0000000008000c7c                OTG_FS_IRQHandler
                0x0000000008000c7c                SPI3_IRQHandler
                0x0000000008000c7c                WAKEUP_PIN_IRQHandler
                0x0000000008000c7c                DMA1_Stream4_IRQHandler
                0x0000000008000c7c                OTG_FS_EP1_IN_IRQHandler
                0x0000000008000c7c                I2C1_ER_IRQHandler
                0x0000000008000c7c                FMC_IRQHandler
                0x0000000008000c7c                FDCAN_CAL_IRQHandler
                0x0000000008000c7c                SWPMI1_IRQHandler
                0x0000000008000c7c                COMP1_IRQHandler
                0x0000000008000c7c                LPTIM1_IRQHandler
                0x0000000008000c7c                I2C4_ER_IRQHandler
                0x0000000008000c7c                DMA2_Stream6_IRQHandler
                0x0000000008000c7c                SAI1_IRQHandler
                0x0000000008000c7c                DMA1_Stream3_IRQHandler
 *fill*         0x0000000008000c7e        0x2 
 .text.HAL_Init
                0x0000000008000c80       0x78 ./Drivers/STM32H7xx_HAL_Driver/stm32h7xx_hal.o
                0x0000000008000c80                HAL_Init
 .text.HAL_InitTick
                0x0000000008000cf8       0x6c ./Drivers/STM32H7xx_HAL_Driver/stm32h7xx_hal.o
                0x0000000008000cf8                HAL_InitTick
 .text.HAL_IncTick
                0x0000000008000d64       0x28 ./Drivers/STM32H7xx_HAL_Driver/stm32h7xx_hal.o
                0x0000000008000d64                HAL_IncTick
 .text.HAL_GetTick
                0x0000000008000d8c       0x18 ./Drivers/STM32H7xx_HAL_Driver/stm32h7xx_hal.o
                0x0000000008000d8c                HAL_GetTick
 .text.HAL_Delay
                0x0000000008000da4       0x48 ./Drivers/STM32H7xx_HAL_Driver/stm32h7xx_hal.o
                0x0000000008000da4                HAL_Delay
 .text.HAL_GetREVID
                0x0000000008000dec       0x18 ./Drivers/STM32H7xx_HAL_Driver/stm32h7xx_hal.o
                0x0000000008000dec                HAL_GetREVID
 .text.__NVIC_SetPriorityGrouping
                0x0000000008000e04       0x48 ./Drivers/STM32H7xx_HAL_Driver/stm32h7xx_hal_cortex.o
 .text.__NVIC_GetPriorityGrouping
                0x0000000008000e4c       0x1c ./Drivers/STM32H7xx_HAL_Driver/stm32h7xx_hal_cortex.o
 .text.__NVIC_EnableIRQ
                0x0000000008000e68       0x3c ./Drivers/STM32H7xx_HAL_Driver/stm32h7xx_hal_cortex.o
 .text.__NVIC_SetPriority
                0x0000000008000ea4       0x54 ./Drivers/STM32H7xx_HAL_Driver/stm32h7xx_hal_cortex.o
 .text.NVIC_EncodePriority
                0x0000000008000ef8       0x66 ./Drivers/STM32H7xx_HAL_Driver/stm32h7xx_hal_cortex.o
 *fill*         0x0000000008000f5e        0x2 
 .text.SysTick_Config
                0x0000000008000f60       0x44 ./Drivers/STM32H7xx_HAL_Driver/stm32h7xx_hal_cortex.o
 .text.HAL_NVIC_SetPriorityGrouping
                0x0000000008000fa4       0x16 ./Drivers/STM32H7xx_HAL_Driver/stm32h7xx_hal_cortex.o
                0x0000000008000fa4                HAL_NVIC_SetPriorityGrouping
 .text.HAL_NVIC_SetPriority
                0x0000000008000fba       0x34 ./Drivers/STM32H7xx_HAL_Driver/stm32h7xx_hal_cortex.o
                0x0000000008000fba                HAL_NVIC_SetPriority
 .text.HAL_NVIC_EnableIRQ
                0x0000000008000fee       0x1c ./Drivers/STM32H7xx_HAL_Driver/stm32h7xx_hal_cortex.o
                0x0000000008000fee                HAL_NVIC_EnableIRQ
 .text.HAL_SYSTICK_Config
                0x000000000800100a       0x18 ./Drivers/STM32H7xx_HAL_Driver/stm32h7xx_hal_cortex.o
                0x000000000800100a                HAL_SYSTICK_Config
 *fill*         0x0000000008001022        0x2 
 .text.HAL_DCMI_Init
                0x0000000008001024       0xf4 ./Drivers/STM32H7xx_HAL_Driver/stm32h7xx_hal_dcmi.o
                0x0000000008001024                HAL_DCMI_Init
 .text.HAL_DCMI_Start_DMA
                0x0000000008001118      0x184 ./Drivers/STM32H7xx_HAL_Driver/stm32h7xx_hal_dcmi.o
                0x0000000008001118                HAL_DCMI_Start_DMA
 .text.HAL_DCMI_Stop
                0x000000000800129c       0xc0 ./Drivers/STM32H7xx_HAL_Driver/stm32h7xx_hal_dcmi.o
                0x000000000800129c                HAL_DCMI_Stop
 .text.HAL_DCMI_ErrorCallback
                0x000000000800135c       0x14 ./Drivers/STM32H7xx_HAL_Driver/stm32h7xx_hal_dcmi.o
                0x000000000800135c                HAL_DCMI_ErrorCallback
 .text.DCMI_DMAXferCplt
                0x0000000008001370      0x126 ./Drivers/STM32H7xx_HAL_Driver/stm32h7xx_hal_dcmi.o
 .text.DCMI_DMAError
                0x0000000008001496       0x3a ./Drivers/STM32H7xx_HAL_Driver/stm32h7xx_hal_dcmi.o
 .text.HAL_DMA_Start_IT
                0x00000000080014d0      0x4d4 ./Drivers/STM32H7xx_HAL_Driver/stm32h7xx_hal_dma.o
                0x00000000080014d0                HAL_DMA_Start_IT
 .text.HAL_DMA_Abort
                0x00000000080019a4      0x63c ./Drivers/STM32H7xx_HAL_Driver/stm32h7xx_hal_dma.o
                0x00000000080019a4                HAL_DMA_Abort
 .text.DMA_SetConfig
                0x0000000008001fe0      0x358 ./Drivers/STM32H7xx_HAL_Driver/stm32h7xx_hal_dma.o
 .text.HAL_DMAEx_MultiBufferStart_IT
                0x0000000008002338      0x6bc ./Drivers/STM32H7xx_HAL_Driver/stm32h7xx_hal_dma_ex.o
                0x0000000008002338                HAL_DMAEx_MultiBufferStart_IT
 .text.HAL_DMAEx_ChangeMemory
                0x00000000080029f4      0x138 ./Drivers/STM32H7xx_HAL_Driver/stm32h7xx_hal_dma_ex.o
                0x00000000080029f4                HAL_DMAEx_ChangeMemory
 .text.DMA_MultiBufferSetConfig
                0x0000000008002b2c      0x16c ./Drivers/STM32H7xx_HAL_Driver/stm32h7xx_hal_dma_ex.o
 .text.HAL_GPIO_Init
                0x0000000008002c98      0x360 ./Drivers/STM32H7xx_HAL_Driver/stm32h7xx_hal_gpio.o
                0x0000000008002c98                HAL_GPIO_Init
 .text.HAL_I2C_Init
                0x0000000008002ff8      0x138 ./Drivers/STM32H7xx_HAL_Driver/stm32h7xx_hal_i2c.o
                0x0000000008002ff8                HAL_I2C_Init
 .text.HAL_I2C_MspInit
                0x0000000008003130       0x14 ./Drivers/STM32H7xx_HAL_Driver/stm32h7xx_hal_i2c.o
                0x0000000008003130                HAL_I2C_MspInit
 .text.HAL_I2C_Mem_Write
                0x0000000008003144      0x228 ./Drivers/STM32H7xx_HAL_Driver/stm32h7xx_hal_i2c.o
                0x0000000008003144                HAL_I2C_Mem_Write
 .text.I2C_RequestMemoryWrite
                0x000000000800336c       0xa8 ./Drivers/STM32H7xx_HAL_Driver/stm32h7xx_hal_i2c.o
 .text.I2C_Flush_TXDR
                0x0000000008003414       0x48 ./Drivers/STM32H7xx_HAL_Driver/stm32h7xx_hal_i2c.o
 .text.I2C_WaitOnFlagUntilTimeout
                0x000000000800345c       0xb2 ./Drivers/STM32H7xx_HAL_Driver/stm32h7xx_hal_i2c.o
 .text.I2C_WaitOnTXISFlagUntilTimeout
                0x000000000800350e       0x8e ./Drivers/STM32H7xx_HAL_Driver/stm32h7xx_hal_i2c.o
 .text.I2C_WaitOnSTOPFlagUntilTimeout
                0x000000000800359c       0x86 ./Drivers/STM32H7xx_HAL_Driver/stm32h7xx_hal_i2c.o
 *fill*         0x0000000008003622        0x2 
 .text.I2C_IsErrorOccurred
                0x0000000008003624      0x1c0 ./Drivers/STM32H7xx_HAL_Driver/stm32h7xx_hal_i2c.o
 .text.I2C_TransferConfig
                0x00000000080037e4       0x64 ./Drivers/STM32H7xx_HAL_Driver/stm32h7xx_hal_i2c.o
 .text.HAL_RCC_OscConfig
                0x0000000008003848      0x8b4 ./Drivers/STM32H7xx_HAL_Driver/stm32h7xx_hal_rcc.o
                0x0000000008003848                HAL_RCC_OscConfig
 .text.HAL_RCC_ClockConfig
                0x00000000080040fc      0x36c ./Drivers/STM32H7xx_HAL_Driver/stm32h7xx_hal_rcc.o
                0x00000000080040fc                HAL_RCC_ClockConfig
 .text.HAL_RCC_GetSysClockFreq
                0x0000000008004468      0x2f4 ./Drivers/STM32H7xx_HAL_Driver/stm32h7xx_hal_rcc.o
                0x0000000008004468                HAL_RCC_GetSysClockFreq
 .text.HAL_TIM_PWM_Init
                0x000000000800475c       0xae ./Drivers/STM32H7xx_HAL_Driver/stm32h7xx_hal_tim.o
                0x000000000800475c                HAL_TIM_PWM_Init
 *fill*         0x000000000800480a        0x2 
 .text.HAL_TIM_PWM_Start
                0x000000000800480c      0x21c ./Drivers/STM32H7xx_HAL_Driver/stm32h7xx_hal_tim.o
                0x000000000800480c                HAL_TIM_PWM_Start
 .text.HAL_TIM_PWM_ConfigChannel
                0x0000000008004a28      0x228 ./Drivers/STM32H7xx_HAL_Driver/stm32h7xx_hal_tim.o
                0x0000000008004a28                HAL_TIM_PWM_ConfigChannel
 .text.TIM_Base_SetConfig
                0x0000000008004c50      0x14c ./Drivers/STM32H7xx_HAL_Driver/stm32h7xx_hal_tim.o
                0x0000000008004c50                TIM_Base_SetConfig
 .text.TIM_OC1_SetConfig
                0x0000000008004d9c      0x120 ./Drivers/STM32H7xx_HAL_Driver/stm32h7xx_hal_tim.o
 .text.TIM_OC2_SetConfig
                0x0000000008004ebc      0x114 ./Drivers/STM32H7xx_HAL_Driver/stm32h7xx_hal_tim.o
                0x0000000008004ebc                TIM_OC2_SetConfig
 .text.TIM_OC3_SetConfig
                0x0000000008004fd0      0x110 ./Drivers/STM32H7xx_HAL_Driver/stm32h7xx_hal_tim.o
 .text.TIM_OC4_SetConfig
                0x00000000080050e0       0xd4 ./Drivers/STM32H7xx_HAL_Driver/stm32h7xx_hal_tim.o
 .text.TIM_OC5_SetConfig
                0x00000000080051b4       0xc8 ./Drivers/STM32H7xx_HAL_Driver/stm32h7xx_hal_tim.o
 .text.TIM_OC6_SetConfig
                0x000000000800527c       0xcc ./Drivers/STM32H7xx_HAL_Driver/stm32h7xx_hal_tim.o
 .text.TIM_CCxChannelCmd
                0x0000000008005348       0x4a ./Drivers/STM32H7xx_HAL_Driver/stm32h7xx_hal_tim.o
                0x0000000008005348                TIM_CCxChannelCmd
 *fill*         0x0000000008005392        0x2 
 .text.std      0x0000000008005394       0x48 D:/STM32CubeIDE_1.13.1/STM32CubeIDE/plugins/com.st.stm32cube.ide.mcu.externaltools.gnu-tools-for-stm32.11.3.rel1.win32_1.1.0.202305231506/tools/bin/../lib/gcc/arm-none-eabi/11.3.1/../../../../arm-none-eabi/lib/thumb/v7e-m+dp/hard\libc_nano.a(libc_a-findfp.o)
 .text.stdio_exit_handler
                0x00000000080053dc       0x18 D:/STM32CubeIDE_1.13.1/STM32CubeIDE/plugins/com.st.stm32cube.ide.mcu.externaltools.gnu-tools-for-stm32.11.3.rel1.win32_1.1.0.202305231506/tools/bin/../lib/gcc/arm-none-eabi/11.3.1/../../../../arm-none-eabi/lib/thumb/v7e-m+dp/hard\libc_nano.a(libc_a-findfp.o)
 .text.cleanup_stdio
                0x00000000080053f4       0x40 D:/STM32CubeIDE_1.13.1/STM32CubeIDE/plugins/com.st.stm32cube.ide.mcu.externaltools.gnu-tools-for-stm32.11.3.rel1.win32_1.1.0.202305231506/tools/bin/../lib/gcc/arm-none-eabi/11.3.1/../../../../arm-none-eabi/lib/thumb/v7e-m+dp/hard\libc_nano.a(libc_a-findfp.o)
 .text.global_stdio_init.part.0
                0x0000000008005434       0x3c D:/STM32CubeIDE_1.13.1/STM32CubeIDE/plugins/com.st.stm32cube.ide.mcu.externaltools.gnu-tools-for-stm32.11.3.rel1.win32_1.1.0.202305231506/tools/bin/../lib/gcc/arm-none-eabi/11.3.1/../../../../arm-none-eabi/lib/thumb/v7e-m+dp/hard\libc_nano.a(libc_a-findfp.o)
 .text.__sfp_lock_acquire
                0x0000000008005470        0xc D:/STM32CubeIDE_1.13.1/STM32CubeIDE/plugins/com.st.stm32cube.ide.mcu.externaltools.gnu-tools-for-stm32.11.3.rel1.win32_1.1.0.202305231506/tools/bin/../lib/gcc/arm-none-eabi/11.3.1/../../../../arm-none-eabi/lib/thumb/v7e-m+dp/hard\libc_nano.a(libc_a-findfp.o)
                0x0000000008005470                __sfp_lock_acquire
 .text.__sfp_lock_release
                0x000000000800547c        0xc D:/STM32CubeIDE_1.13.1/STM32CubeIDE/plugins/com.st.stm32cube.ide.mcu.externaltools.gnu-tools-for-stm32.11.3.rel1.win32_1.1.0.202305231506/tools/bin/../lib/gcc/arm-none-eabi/11.3.1/../../../../arm-none-eabi/lib/thumb/v7e-m+dp/hard\libc_nano.a(libc_a-findfp.o)
                0x000000000800547c                __sfp_lock_release
 .text.__sinit  0x0000000008005488       0x30 D:/STM32CubeIDE_1.13.1/STM32CubeIDE/plugins/com.st.stm32cube.ide.mcu.externaltools.gnu-tools-for-stm32.11.3.rel1.win32_1.1.0.202305231506/tools/bin/../lib/gcc/arm-none-eabi/11.3.1/../../../../arm-none-eabi/lib/thumb/v7e-m+dp/hard\libc_nano.a(libc_a-findfp.o)
                0x0000000008005488                __sinit
 .text._fwalk_sglue
                0x00000000080054b8       0x3c D:/STM32CubeIDE_1.13.1/STM32CubeIDE/plugins/com.st.stm32cube.ide.mcu.externaltools.gnu-tools-for-stm32.11.3.rel1.win32_1.1.0.202305231506/tools/bin/../lib/gcc/arm-none-eabi/11.3.1/../../../../arm-none-eabi/lib/thumb/v7e-m+dp/hard\libc_nano.a(libc_a-fwalk.o)
                0x00000000080054b8                _fwalk_sglue
 .text.printf   0x00000000080054f4       0x24 D:/STM32CubeIDE_1.13.1/STM32CubeIDE/plugins/com.st.stm32cube.ide.mcu.externaltools.gnu-tools-for-stm32.11.3.rel1.win32_1.1.0.202305231506/tools/bin/../lib/gcc/arm-none-eabi/11.3.1/../../../../arm-none-eabi/lib/thumb/v7e-m+dp/hard\libc_nano.a(libc_a-printf.o)
                0x00000000080054f4                iprintf
                0x00000000080054f4                printf
 .text.__sread  0x0000000008005518       0x22 D:/STM32CubeIDE_1.13.1/STM32CubeIDE/plugins/com.st.stm32cube.ide.mcu.externaltools.gnu-tools-for-stm32.11.3.rel1.win32_1.1.0.202305231506/tools/bin/../lib/gcc/arm-none-eabi/11.3.1/../../../../arm-none-eabi/lib/thumb/v7e-m+dp/hard\libc_nano.a(libc_a-stdio.o)
                0x0000000008005518                __sread
 .text.__swrite
                0x000000000800553a       0x38 D:/STM32CubeIDE_1.13.1/STM32CubeIDE/plugins/com.st.stm32cube.ide.mcu.externaltools.gnu-tools-for-stm32.11.3.rel1.win32_1.1.0.202305231506/tools/bin/../lib/gcc/arm-none-eabi/11.3.1/../../../../arm-none-eabi/lib/thumb/v7e-m+dp/hard\libc_nano.a(libc_a-stdio.o)
                0x000000000800553a                __swrite
 .text.__sseek  0x0000000008005572       0x24 D:/STM32CubeIDE_1.13.1/STM32CubeIDE/plugins/com.st.stm32cube.ide.mcu.externaltools.gnu-tools-for-stm32.11.3.rel1.win32_1.1.0.202305231506/tools/bin/../lib/gcc/arm-none-eabi/11.3.1/../../../../arm-none-eabi/lib/thumb/v7e-m+dp/hard\libc_nano.a(libc_a-stdio.o)
                0x0000000008005572                __sseek
 .text.__sclose
                0x0000000008005596        0x8 D:/STM32CubeIDE_1.13.1/STM32CubeIDE/plugins/com.st.stm32cube.ide.mcu.externaltools.gnu-tools-for-stm32.11.3.rel1.win32_1.1.0.202305231506/tools/bin/../lib/gcc/arm-none-eabi/11.3.1/../../../../arm-none-eabi/lib/thumb/v7e-m+dp/hard\libc_nano.a(libc_a-stdio.o)
                0x0000000008005596                __sclose
 .text.memset   0x000000000800559e       0x10 D:/STM32CubeIDE_1.13.1/STM32CubeIDE/plugins/com.st.stm32cube.ide.mcu.externaltools.gnu-tools-for-stm32.11.3.rel1.win32_1.1.0.202305231506/tools/bin/../lib/gcc/arm-none-eabi/11.3.1/../../../../arm-none-eabi/lib/thumb/v7e-m+dp/hard\libc_nano.a(libc_a-memset.o)
                0x000000000800559e                memset
 *fill*         0x00000000080055ae        0x2 
 .text._close_r
                0x00000000080055b0       0x20 D:/STM32CubeIDE_1.13.1/STM32CubeIDE/plugins/com.st.stm32cube.ide.mcu.externaltools.gnu-tools-for-stm32.11.3.rel1.win32_1.1.0.202305231506/tools/bin/../lib/gcc/arm-none-eabi/11.3.1/../../../../arm-none-eabi/lib/thumb/v7e-m+dp/hard\libc_nano.a(libc_a-closer.o)
                0x00000000080055b0                _close_r
 .text._lseek_r
                0x00000000080055d0       0x24 D:/STM32CubeIDE_1.13.1/STM32CubeIDE/plugins/com.st.stm32cube.ide.mcu.externaltools.gnu-tools-for-stm32.11.3.rel1.win32_1.1.0.202305231506/tools/bin/../lib/gcc/arm-none-eabi/11.3.1/../../../../arm-none-eabi/lib/thumb/v7e-m+dp/hard\libc_nano.a(libc_a-lseekr.o)
                0x00000000080055d0                _lseek_r
 .text._read_r  0x00000000080055f4       0x24 D:/STM32CubeIDE_1.13.1/STM32CubeIDE/plugins/com.st.stm32cube.ide.mcu.externaltools.gnu-tools-for-stm32.11.3.rel1.win32_1.1.0.202305231506/tools/bin/../lib/gcc/arm-none-eabi/11.3.1/../../../../arm-none-eabi/lib/thumb/v7e-m+dp/hard\libc_nano.a(libc_a-readr.o)
                0x00000000080055f4                _read_r
 .text._write_r
                0x0000000008005618       0x24 D:/STM32CubeIDE_1.13.1/STM32CubeIDE/plugins/com.st.stm32cube.ide.mcu.externaltools.gnu-tools-for-stm32.11.3.rel1.win32_1.1.0.202305231506/tools/bin/../lib/gcc/arm-none-eabi/11.3.1/../../../../arm-none-eabi/lib/thumb/v7e-m+dp/hard\libc_nano.a(libc_a-writer.o)
                0x0000000008005618                _write_r
 .text.__errno  0x000000000800563c        0xc D:/STM32CubeIDE_1.13.1/STM32CubeIDE/plugins/com.st.stm32cube.ide.mcu.externaltools.gnu-tools-for-stm32.11.3.rel1.win32_1.1.0.202305231506/tools/bin/../lib/gcc/arm-none-eabi/11.3.1/../../../../arm-none-eabi/lib/thumb/v7e-m+dp/hard\libc_nano.a(libc_a-errno.o)
                0x000000000800563c                __errno
 .text.__libc_init_array
                0x0000000008005648       0x48 D:/STM32CubeIDE_1.13.1/STM32CubeIDE/plugins/com.st.stm32cube.ide.mcu.externaltools.gnu-tools-for-stm32.11.3.rel1.win32_1.1.0.202305231506/tools/bin/../lib/gcc/arm-none-eabi/11.3.1/../../../../arm-none-eabi/lib/thumb/v7e-m+dp/hard\libc_nano.a(libc_a-init.o)
                0x0000000008005648                __libc_init_array
 .text.__retarget_lock_acquire_recursive
                0x0000000008005690        0x2 D:/STM32CubeIDE_1.13.1/STM32CubeIDE/plugins/com.st.stm32cube.ide.mcu.externaltools.gnu-tools-for-stm32.11.3.rel1.win32_1.1.0.202305231506/tools/bin/../lib/gcc/arm-none-eabi/11.3.1/../../../../arm-none-eabi/lib/thumb/v7e-m+dp/hard\libc_nano.a(libc_a-lock.o)
                0x0000000008005690                __retarget_lock_acquire_recursive
 .text.__retarget_lock_release_recursive
                0x0000000008005692        0x2 D:/STM32CubeIDE_1.13.1/STM32CubeIDE/plugins/com.st.stm32cube.ide.mcu.externaltools.gnu-tools-for-stm32.11.3.rel1.win32_1.1.0.202305231506/tools/bin/../lib/gcc/arm-none-eabi/11.3.1/../../../../arm-none-eabi/lib/thumb/v7e-m+dp/hard\libc_nano.a(libc_a-lock.o)
                0x0000000008005692                __retarget_lock_release_recursive
 .text._free_r  0x0000000008005694       0x98 D:/STM32CubeIDE_1.13.1/STM32CubeIDE/plugins/com.st.stm32cube.ide.mcu.externaltools.gnu-tools-for-stm32.11.3.rel1.win32_1.1.0.202305231506/tools/bin/../lib/gcc/arm-none-eabi/11.3.1/../../../../arm-none-eabi/lib/thumb/v7e-m+dp/hard\libc_nano.a(libc_a-freer.o)
                0x0000000008005694                _free_r
 .text.sbrk_aligned
                0x000000000800572c       0x40 D:/STM32CubeIDE_1.13.1/STM32CubeIDE/plugins/com.st.stm32cube.ide.mcu.externaltools.gnu-tools-for-stm32.11.3.rel1.win32_1.1.0.202305231506/tools/bin/../lib/gcc/arm-none-eabi/11.3.1/../../../../arm-none-eabi/lib/thumb/v7e-m+dp/hard\libc_nano.a(libc_a-mallocr.o)
 .text._malloc_r
                0x000000000800576c      0x100 D:/STM32CubeIDE_1.13.1/STM32CubeIDE/plugins/com.st.stm32cube.ide.mcu.externaltools.gnu-tools-for-stm32.11.3.rel1.win32_1.1.0.202305231506/tools/bin/../lib/gcc/arm-none-eabi/11.3.1/../../../../arm-none-eabi/lib/thumb/v7e-m+dp/hard\libc_nano.a(libc_a-mallocr.o)
                0x000000000800576c                _malloc_r
 .text.__malloc_lock
                0x000000000800586c        0xc D:/STM32CubeIDE_1.13.1/STM32CubeIDE/plugins/com.st.stm32cube.ide.mcu.externaltools.gnu-tools-for-stm32.11.3.rel1.win32_1.1.0.202305231506/tools/bin/../lib/gcc/arm-none-eabi/11.3.1/../../../../arm-none-eabi/lib/thumb/v7e-m+dp/hard\libc_nano.a(libc_a-mlock.o)
                0x000000000800586c                __malloc_lock
 .text.__malloc_unlock
                0x0000000008005878        0xc D:/STM32CubeIDE_1.13.1/STM32CubeIDE/plugins/com.st.stm32cube.ide.mcu.externaltools.gnu-tools-for-stm32.11.3.rel1.win32_1.1.0.202305231506/tools/bin/../lib/gcc/arm-none-eabi/11.3.1/../../../../arm-none-eabi/lib/thumb/v7e-m+dp/hard\libc_nano.a(libc_a-mlock.o)
                0x0000000008005878                __malloc_unlock
 .text.__sfputc_r
                0x0000000008005884       0x2e D:/STM32CubeIDE_1.13.1/STM32CubeIDE/plugins/com.st.stm32cube.ide.mcu.externaltools.gnu-tools-for-stm32.11.3.rel1.win32_1.1.0.202305231506/tools/bin/../lib/gcc/arm-none-eabi/11.3.1/../../../../arm-none-eabi/lib/thumb/v7e-m+dp/hard\libc_nano.a(libc_a-nano-vfprintf.o)
 .text.__sfputs_r
                0x00000000080058b2       0x24 D:/STM32CubeIDE_1.13.1/STM32CubeIDE/plugins/com.st.stm32cube.ide.mcu.externaltools.gnu-tools-for-stm32.11.3.rel1.win32_1.1.0.202305231506/tools/bin/../lib/gcc/arm-none-eabi/11.3.1/../../../../arm-none-eabi/lib/thumb/v7e-m+dp/hard\libc_nano.a(libc_a-nano-vfprintf.o)
                0x00000000080058b2                __sfputs_r
 *fill*         0x00000000080058d6        0x2 
 .text._vfprintf_r
                0x00000000080058d8      0x234 D:/STM32CubeIDE_1.13.1/STM32CubeIDE/plugins/com.st.stm32cube.ide.mcu.externaltools.gnu-tools-for-stm32.11.3.rel1.win32_1.1.0.202305231506/tools/bin/../lib/gcc/arm-none-eabi/11.3.1/../../../../arm-none-eabi/lib/thumb/v7e-m+dp/hard\libc_nano.a(libc_a-nano-vfprintf.o)
                0x00000000080058d8                _vfprintf_r
                0x00000000080058d8                _vfiprintf_r
 .text._printf_common
                0x0000000008005b0c       0xda D:/STM32CubeIDE_1.13.1/STM32CubeIDE/plugins/com.st.stm32cube.ide.mcu.externaltools.gnu-tools-for-stm32.11.3.rel1.win32_1.1.0.202305231506/tools/bin/../lib/gcc/arm-none-eabi/11.3.1/../../../../arm-none-eabi/lib/thumb/v7e-m+dp/hard\libc_nano.a(libc_a-nano-vfprintf_i.o)
                0x0000000008005b0c                _printf_common
 *fill*         0x0000000008005be6        0x2 
 .text._printf_i
                0x0000000008005be8      0x244 D:/STM32CubeIDE_1.13.1/STM32CubeIDE/plugins/com.st.stm32cube.ide.mcu.externaltools.gnu-tools-for-stm32.11.3.rel1.win32_1.1.0.202305231506/tools/bin/../lib/gcc/arm-none-eabi/11.3.1/../../../../arm-none-eabi/lib/thumb/v7e-m+dp/hard\libc_nano.a(libc_a-nano-vfprintf_i.o)
                0x0000000008005be8                _printf_i
 .text.__sflush_r
                0x0000000008005e2c      0x10c D:/STM32CubeIDE_1.13.1/STM32CubeIDE/plugins/com.st.stm32cube.ide.mcu.externaltools.gnu-tools-for-stm32.11.3.rel1.win32_1.1.0.202305231506/tools/bin/../lib/gcc/arm-none-eabi/11.3.1/../../../../arm-none-eabi/lib/thumb/v7e-m+dp/hard\libc_nano.a(libc_a-fflush.o)
                0x0000000008005e2c                __sflush_r
 .text._fflush_r
                0x0000000008005f38       0x50 D:/STM32CubeIDE_1.13.1/STM32CubeIDE/plugins/com.st.stm32cube.ide.mcu.externaltools.gnu-tools-for-stm32.11.3.rel1.win32_1.1.0.202305231506/tools/bin/../lib/gcc/arm-none-eabi/11.3.1/../../../../arm-none-eabi/lib/thumb/v7e-m+dp/hard\libc_nano.a(libc_a-fflush.o)
                0x0000000008005f38                _fflush_r
 .text.__swbuf_r
                0x0000000008005f88       0x7a D:/STM32CubeIDE_1.13.1/STM32CubeIDE/plugins/com.st.stm32cube.ide.mcu.externaltools.gnu-tools-for-stm32.11.3.rel1.win32_1.1.0.202305231506/tools/bin/../lib/gcc/arm-none-eabi/11.3.1/../../../../arm-none-eabi/lib/thumb/v7e-m+dp/hard\libc_nano.a(libc_a-wbuf.o)
                0x0000000008005f88                __swbuf_r
 *fill*         0x0000000008006002        0x2 
 .text.__swsetup_r
                0x0000000008006004       0xb0 D:/STM32CubeIDE_1.13.1/STM32CubeIDE/plugins/com.st.stm32cube.ide.mcu.externaltools.gnu-tools-for-stm32.11.3.rel1.win32_1.1.0.202305231506/tools/bin/../lib/gcc/arm-none-eabi/11.3.1/../../../../arm-none-eabi/lib/thumb/v7e-m+dp/hard\libc_nano.a(libc_a-wsetup.o)
                0x0000000008006004                __swsetup_r
 .text._sbrk_r  0x00000000080060b4       0x20 D:/STM32CubeIDE_1.13.1/STM32CubeIDE/plugins/com.st.stm32cube.ide.mcu.externaltools.gnu-tools-for-stm32.11.3.rel1.win32_1.1.0.202305231506/tools/bin/../lib/gcc/arm-none-eabi/11.3.1/../../../../arm-none-eabi/lib/thumb/v7e-m+dp/hard\libc_nano.a(libc_a-sbrkr.o)
                0x00000000080060b4                _sbrk_r
 .text.__swhatbuf_r
                0x00000000080060d4       0x4c D:/STM32CubeIDE_1.13.1/STM32CubeIDE/plugins/com.st.stm32cube.ide.mcu.externaltools.gnu-tools-for-stm32.11.3.rel1.win32_1.1.0.202305231506/tools/bin/../lib/gcc/arm-none-eabi/11.3.1/../../../../arm-none-eabi/lib/thumb/v7e-m+dp/hard\libc_nano.a(libc_a-makebuf.o)
                0x00000000080060d4                __swhatbuf_r
 .text.__smakebuf_r
                0x0000000008006120       0x78 D:/STM32CubeIDE_1.13.1/STM32CubeIDE/plugins/com.st.stm32cube.ide.mcu.externaltools.gnu-tools-for-stm32.11.3.rel1.win32_1.1.0.202305231506/tools/bin/../lib/gcc/arm-none-eabi/11.3.1/../../../../arm-none-eabi/lib/thumb/v7e-m+dp/hard\libc_nano.a(libc_a-makebuf.o)
                0x0000000008006120                __smakebuf_r
 .text._fstat_r
                0x0000000008006198       0x24 D:/STM32CubeIDE_1.13.1/STM32CubeIDE/plugins/com.st.stm32cube.ide.mcu.externaltools.gnu-tools-for-stm32.11.3.rel1.win32_1.1.0.202305231506/tools/bin/../lib/gcc/arm-none-eabi/11.3.1/../../../../arm-none-eabi/lib/thumb/v7e-m+dp/hard\libc_nano.a(libc_a-fstatr.o)
                0x0000000008006198                _fstat_r
 .text._isatty_r
                0x00000000080061bc       0x20 D:/STM32CubeIDE_1.13.1/STM32CubeIDE/plugins/com.st.stm32cube.ide.mcu.externaltools.gnu-tools-for-stm32.11.3.rel1.win32_1.1.0.202305231506/tools/bin/../lib/gcc/arm-none-eabi/11.3.1/../../../../arm-none-eabi/lib/thumb/v7e-m+dp/hard\libc_nano.a(libc_a-isattyr.o)
                0x00000000080061bc                _isatty_r
 *(.glue_7)
 .glue_7        0x00000000080061dc        0x0 linker stubs
 *(.glue_7t)
 .glue_7t       0x00000000080061dc        0x0 linker stubs
 *(.eh_frame)
 .eh_frame      0x00000000080061dc        0x0 D:/STM32CubeIDE_1.13.1/STM32CubeIDE/plugins/com.st.stm32cube.ide.mcu.externaltools.gnu-tools-for-stm32.11.3.rel1.win32_1.1.0.202305231506/tools/bin/../lib/gcc/arm-none-eabi/11.3.1/thumb/v7e-m+dp/hard/crtbegin.o
 *(.init)
 .init          0x00000000080061dc        0x4 D:/STM32CubeIDE_1.13.1/STM32CubeIDE/plugins/com.st.stm32cube.ide.mcu.externaltools.gnu-tools-for-stm32.11.3.rel1.win32_1.1.0.202305231506/tools/bin/../lib/gcc/arm-none-eabi/11.3.1/thumb/v7e-m+dp/hard/crti.o
                0x00000000080061dc                _init
 .init          0x00000000080061e0        0x8 D:/STM32CubeIDE_1.13.1/STM32CubeIDE/plugins/com.st.stm32cube.ide.mcu.externaltools.gnu-tools-for-stm32.11.3.rel1.win32_1.1.0.202305231506/tools/bin/../lib/gcc/arm-none-eabi/11.3.1/thumb/v7e-m+dp/hard/crtn.o
 *(.fini)
 .fini          0x00000000080061e8        0x4 D:/STM32CubeIDE_1.13.1/STM32CubeIDE/plugins/com.st.stm32cube.ide.mcu.externaltools.gnu-tools-for-stm32.11.3.rel1.win32_1.1.0.202305231506/tools/bin/../lib/gcc/arm-none-eabi/11.3.1/thumb/v7e-m+dp/hard/crti.o
                0x00000000080061e8                _fini
 .fini          0x00000000080061ec        0x8 D:/STM32CubeIDE_1.13.1/STM32CubeIDE/plugins/com.st.stm32cube.ide.mcu.externaltools.gnu-tools-for-stm32.11.3.rel1.win32_1.1.0.202305231506/tools/bin/../lib/gcc/arm-none-eabi/11.3.1/thumb/v7e-m+dp/hard/crtn.o
                0x00000000080061f4                . = ALIGN (0x4)
                0x00000000080061f4                _etext = .

.vfp11_veneer   0x00000000080061f4        0x0
 .vfp11_veneer  0x00000000080061f4        0x0 linker stubs

.v4_bx          0x00000000080061f4        0x0
 .v4_bx         0x00000000080061f4        0x0 linker stubs

.iplt           0x00000000080061f4        0x0
 .iplt          0x00000000080061f4        0x0 D:/STM32CubeIDE_1.13.1/STM32CubeIDE/plugins/com.st.stm32cube.ide.mcu.externaltools.gnu-tools-for-stm32.11.3.rel1.win32_1.1.0.202305231506/tools/bin/../lib/gcc/arm-none-eabi/11.3.1/thumb/v7e-m+dp/hard/crtbegin.o

.rodata         0x00000000080061f4       0x80
                0x00000000080061f4                . = ALIGN (0x4)
 *(.rodata)
 .rodata        0x00000000080061f4       0x3c ./Core/Src/main.o
 *(.rodata*)
 .rodata.D1CorePrescTable
                0x0000000008006230       0x10 ./Core/Src/system_stm32h7xx.o
                0x0000000008006230                D1CorePrescTable
 .rodata._vfprintf_r.str1.1
                0x0000000008006240       0x11 D:/STM32CubeIDE_1.13.1/STM32CubeIDE/plugins/com.st.stm32cube.ide.mcu.externaltools.gnu-tools-for-stm32.11.3.rel1.win32_1.1.0.202305231506/tools/bin/../lib/gcc/arm-none-eabi/11.3.1/../../../../arm-none-eabi/lib/thumb/v7e-m+dp/hard\libc_nano.a(libc_a-nano-vfprintf.o)
 .rodata._printf_i.str1.1
                0x0000000008006251       0x22 D:/STM32CubeIDE_1.13.1/STM32CubeIDE/plugins/com.st.stm32cube.ide.mcu.externaltools.gnu-tools-for-stm32.11.3.rel1.win32_1.1.0.202305231506/tools/bin/../lib/gcc/arm-none-eabi/11.3.1/../../../../arm-none-eabi/lib/thumb/v7e-m+dp/hard\libc_nano.a(libc_a-nano-vfprintf_i.o)
                0x0000000008006274                . = ALIGN (0x4)
 *fill*         0x0000000008006273        0x1 

.rel.dyn        0x0000000008006274        0x0
 .rel.iplt      0x0000000008006274        0x0 D:/STM32CubeIDE_1.13.1/STM32CubeIDE/plugins/com.st.stm32cube.ide.mcu.externaltools.gnu-tools-for-stm32.11.3.rel1.win32_1.1.0.202305231506/tools/bin/../lib/gcc/arm-none-eabi/11.3.1/thumb/v7e-m+dp/hard/crtbegin.o

.ARM.extab
 *(.ARM.extab* .gnu.linkonce.armextab.*)

.ARM            0x0000000008006274        0x0
                0x0000000008006274                __exidx_start = .
 *(.ARM.exidx*)
                0x0000000008006274                __exidx_end = .

.preinit_array  0x0000000008006274        0x0
                0x0000000008006274                PROVIDE (__preinit_array_start = .)
 *(.preinit_array*)
                0x0000000008006274                PROVIDE (__preinit_array_end = .)

.init_array     0x0000000008006274        0x4
                0x0000000008006274                PROVIDE (__init_array_start = .)
 *(SORT_BY_NAME(.init_array.*))
 *(.init_array*)
 .init_array    0x0000000008006274        0x4 D:/STM32CubeIDE_1.13.1/STM32CubeIDE/plugins/com.st.stm32cube.ide.mcu.externaltools.gnu-tools-for-stm32.11.3.rel1.win32_1.1.0.202305231506/tools/bin/../lib/gcc/arm-none-eabi/11.3.1/thumb/v7e-m+dp/hard/crtbegin.o
                0x0000000008006278                PROVIDE (__init_array_end = .)

.fini_array     0x0000000008006278        0x4
                [!provide]                        PROVIDE (__fini_array_start = .)
 *(SORT_BY_NAME(.fini_array.*))
 *(.fini_array*)
 .fini_array    0x0000000008006278        0x4 D:/STM32CubeIDE_1.13.1/STM32CubeIDE/plugins/com.st.stm32cube.ide.mcu.externaltools.gnu-tools-for-stm32.11.3.rel1.win32_1.1.0.202305231506/tools/bin/../lib/gcc/arm-none-eabi/11.3.1/thumb/v7e-m+dp/hard/crtbegin.o
                [!provide]                        PROVIDE (__fini_array_end = .)
                0x000000000800627c                _sidata = LOADADDR (.data)

.data           0x0000000024000000       0x6c load address 0x000000000800627c
                0x0000000024000000                . = ALIGN (0x4)
                0x0000000024000000                _sdata = .
 *(.data)
 *(.data*)
 .data.SystemCoreClock
                0x0000000024000000        0x4 ./Core/Src/system_stm32h7xx.o
                0x0000000024000000                SystemCoreClock
 .data.SystemD2Clock
                0x0000000024000004        0x4 ./Core/Src/system_stm32h7xx.o
                0x0000000024000004                SystemD2Clock
 .data.uwTickPrio
                0x0000000024000008        0x4 ./Drivers/STM32H7xx_HAL_Driver/stm32h7xx_hal.o
                0x0000000024000008                uwTickPrio
 .data.uwTickFreq
                0x000000002400000c        0x1 ./Drivers/STM32H7xx_HAL_Driver/stm32h7xx_hal.o
                0x000000002400000c                uwTickFreq
 *fill*         0x000000002400000d        0x3 
 .data.__sglue  0x0000000024000010        0xc D:/STM32CubeIDE_1.13.1/STM32CubeIDE/plugins/com.st.stm32cube.ide.mcu.externaltools.gnu-tools-for-stm32.11.3.rel1.win32_1.1.0.202305231506/tools/bin/../lib/gcc/arm-none-eabi/11.3.1/../../../../arm-none-eabi/lib/thumb/v7e-m+dp/hard\libc_nano.a(libc_a-findfp.o)
                0x0000000024000010                __sglue
 .data._impure_data
                0x000000002400001c       0x4c D:/STM32CubeIDE_1.13.1/STM32CubeIDE/plugins/com.st.stm32cube.ide.mcu.externaltools.gnu-tools-for-stm32.11.3.rel1.win32_1.1.0.202305231506/tools/bin/../lib/gcc/arm-none-eabi/11.3.1/../../../../arm-none-eabi/lib/thumb/v7e-m+dp/hard\libc_nano.a(libc_a-impure.o)
                0x000000002400001c                _impure_data
 .data._impure_ptr
                0x0000000024000068        0x4 D:/STM32CubeIDE_1.13.1/STM32CubeIDE/plugins/com.st.stm32cube.ide.mcu.externaltools.gnu-tools-for-stm32.11.3.rel1.win32_1.1.0.202305231506/tools/bin/../lib/gcc/arm-none-eabi/11.3.1/../../../../arm-none-eabi/lib/thumb/v7e-m+dp/hard\libc_nano.a(libc_a-impure.o)
                0x0000000024000068                _impure_ptr
 *(.RamFunc)
 *(.RamFunc*)
                0x000000002400006c                . = ALIGN (0x4)
                0x000000002400006c                _edata = .

.igot.plt       0x000000002400006c        0x0 load address 0x00000000080062e8
 .igot.plt      0x000000002400006c        0x0 D:/STM32CubeIDE_1.13.1/STM32CubeIDE/plugins/com.st.stm32cube.ide.mcu.externaltools.gnu-tools-for-stm32.11.3.rel1.win32_1.1.0.202305231506/tools/bin/../lib/gcc/arm-none-eabi/11.3.1/thumb/v7e-m+dp/hard/crtbegin.o
                0x000000002400006c                . = ALIGN (0x4)

.bss            0x000000002400006c     0xab20 load address 0x00000000080062e8
                0x000000002400006c                _sbss = .
                0x000000002400006c                __bss_start__ = _sbss
 *(.bss)
 .bss           0x000000002400006c       0x1c D:/STM32CubeIDE_1.13.1/STM32CubeIDE/plugins/com.st.stm32cube.ide.mcu.externaltools.gnu-tools-for-stm32.11.3.rel1.win32_1.1.0.202305231506/tools/bin/../lib/gcc/arm-none-eabi/11.3.1/thumb/v7e-m+dp/hard/crtbegin.o
 *(.bss*)
 .bss.frameBuffer
                0x0000000024000088     0xa8c0 ./Core/Src/main.o
                0x0000000024000088                frameBuffer
 .bss.hi2c1     0x000000002400a948       0x54 ./Core/Src/main.o
                0x000000002400a948                hi2c1
 .bss.htim1     0x000000002400a99c       0x4c ./Core/Src/main.o
                0x000000002400a99c                htim1
 .bss.hdcmi     0x000000002400a9e8       0x50 ./Core/Src/main.o
                0x000000002400a9e8                hdcmi
 .bss.__sbrk_heap_end
                0x000000002400aa38        0x4 ./Core/Src/sysmem.o
 .bss.uwTick    0x000000002400aa3c        0x4 ./Drivers/STM32H7xx_HAL_Driver/stm32h7xx_hal.o
                0x000000002400aa3c                uwTick
 .bss.__sf      0x000000002400aa40      0x138 D:/STM32CubeIDE_1.13.1/STM32CubeIDE/plugins/com.st.stm32cube.ide.mcu.externaltools.gnu-tools-for-stm32.11.3.rel1.win32_1.1.0.202305231506/tools/bin/../lib/gcc/arm-none-eabi/11.3.1/../../../../arm-none-eabi/lib/thumb/v7e-m+dp/hard\libc_nano.a(libc_a-findfp.o)
                0x000000002400aa40                __sf
 .bss.__stdio_exit_handler
                0x000000002400ab78        0x4 D:/STM32CubeIDE_1.13.1/STM32CubeIDE/plugins/com.st.stm32cube.ide.mcu.externaltools.gnu-tools-for-stm32.11.3.rel1.win32_1.1.0.202305231506/tools/bin/../lib/gcc/arm-none-eabi/11.3.1/../../../../arm-none-eabi/lib/thumb/v7e-m+dp/hard\libc_nano.a(libc_a-findfp.o)
                0x000000002400ab78                __stdio_exit_handler
 .bss.errno     0x000000002400ab7c        0x4 D:/STM32CubeIDE_1.13.1/STM32CubeIDE/plugins/com.st.stm32cube.ide.mcu.externaltools.gnu-tools-for-stm32.11.3.rel1.win32_1.1.0.202305231506/tools/bin/../lib/gcc/arm-none-eabi/11.3.1/../../../../arm-none-eabi/lib/thumb/v7e-m+dp/hard\libc_nano.a(libc_a-reent.o)
                0x000000002400ab7c                errno
 .bss.__lock___malloc_recursive_mutex
                0x000000002400ab80        0x1 D:/STM32CubeIDE_1.13.1/STM32CubeIDE/plugins/com.st.stm32cube.ide.mcu.externaltools.gnu-tools-for-stm32.11.3.rel1.win32_1.1.0.202305231506/tools/bin/../lib/gcc/arm-none-eabi/11.3.1/../../../../arm-none-eabi/lib/thumb/v7e-m+dp/hard\libc_nano.a(libc_a-lock.o)
                0x000000002400ab80                __lock___malloc_recursive_mutex
 .bss.__lock___sfp_recursive_mutex
                0x000000002400ab81        0x1 D:/STM32CubeIDE_1.13.1/STM32CubeIDE/plugins/com.st.stm32cube.ide.mcu.externaltools.gnu-tools-for-stm32.11.3.rel1.win32_1.1.0.202305231506/tools/bin/../lib/gcc/arm-none-eabi/11.3.1/../../../../arm-none-eabi/lib/thumb/v7e-m+dp/hard\libc_nano.a(libc_a-lock.o)
                0x000000002400ab81                __lock___sfp_recursive_mutex
 *fill*         0x000000002400ab82        0x2 
 .bss.__malloc_free_list
                0x000000002400ab84        0x4 D:/STM32CubeIDE_1.13.1/STM32CubeIDE/plugins/com.st.stm32cube.ide.mcu.externaltools.gnu-tools-for-stm32.11.3.rel1.win32_1.1.0.202305231506/tools/bin/../lib/gcc/arm-none-eabi/11.3.1/../../../../arm-none-eabi/lib/thumb/v7e-m+dp/hard\libc_nano.a(libc_a-mallocr.o)
                0x000000002400ab84                __malloc_free_list
 .bss.__malloc_sbrk_start
                0x000000002400ab88        0x4 D:/STM32CubeIDE_1.13.1/STM32CubeIDE/plugins/com.st.stm32cube.ide.mcu.externaltools.gnu-tools-for-stm32.11.3.rel1.win32_1.1.0.202305231506/tools/bin/../lib/gcc/arm-none-eabi/11.3.1/../../../../arm-none-eabi/lib/thumb/v7e-m+dp/hard\libc_nano.a(libc_a-mallocr.o)
                0x000000002400ab88                __malloc_sbrk_start
 *(COMMON)
                0x000000002400ab8c                . = ALIGN (0x4)
                0x000000002400ab8c                _ebss = .
                0x000000002400ab8c                __bss_end__ = _ebss

._user_heap_stack
                0x000000002400ab8c      0x604 load address 0x00000000080062e8
                0x000000002400ab90                . = ALIGN (0x8)
 *fill*         0x000000002400ab8c        0x4 
                [!provide]                        PROVIDE (end = .)
                0x000000002400ab90                PROVIDE (_end = .)
                0x000000002400ad90                . = (. + _Min_Heap_Size)
 *fill*         0x000000002400ab90      0x200 
                0x000000002400b190                . = (. + _Min_Stack_Size)
 *fill*         0x000000002400ad90      0x400 
                0x000000002400b190                . = ALIGN (0x8)

/DISCARD/
 libc.a(*)
 libm.a(*)
 libgcc.a(*)

.ARM.attributes
                0x0000000000000000       0x2e
 *(.ARM.attributes)
 .ARM.attributes
                0x0000000000000000       0x1e D:/STM32CubeIDE_1.13.1/STM32CubeIDE/plugins/com.st.stm32cube.ide.mcu.externaltools.gnu-tools-for-stm32.11.3.rel1.win32_1.1.0.202305231506/tools/bin/../lib/gcc/arm-none-eabi/11.3.1/thumb/v7e-m+dp/hard/crti.o
 .ARM.attributes
                0x000000000000001e       0x32 D:/STM32CubeIDE_1.13.1/STM32CubeIDE/plugins/com.st.stm32cube.ide.mcu.externaltools.gnu-tools-for-stm32.11.3.rel1.win32_1.1.0.202305231506/tools/bin/../lib/gcc/arm-none-eabi/11.3.1/thumb/v7e-m+dp/hard/crtbegin.o
 .ARM.attributes
                0x0000000000000050       0x32 ./Core/Src/main.o
 .ARM.attributes
                0x0000000000000082       0x32 ./Core/Src/ov7670.o
 .ARM.attributes
                0x00000000000000b4       0x32 ./Core/Src/stm32h7xx_hal_msp.o
 .ARM.attributes
                0x00000000000000e6       0x32 ./Core/Src/stm32h7xx_it.o
 .ARM.attributes
                0x0000000000000118       0x32 ./Core/Src/syscalls.o
 .ARM.attributes
                0x000000000000014a       0x32 ./Core/Src/sysmem.o
 .ARM.attributes
                0x000000000000017c       0x32 ./Core/Src/system_stm32h7xx.o
 .ARM.attributes
                0x00000000000001ae       0x21 ./Core/Startup/startup_stm32h750vbtx.o
 .ARM.attributes
                0x00000000000001cf       0x32 ./Drivers/STM32H7xx_HAL_Driver/stm32h7xx_hal.o
 .ARM.attributes
                0x0000000000000201       0x32 ./Drivers/STM32H7xx_HAL_Driver/stm32h7xx_hal_cortex.o
 .ARM.attributes
                0x0000000000000233       0x32 ./Drivers/STM32H7xx_HAL_Driver/stm32h7xx_hal_dcmi.o
 .ARM.attributes
                0x0000000000000265       0x32 ./Drivers/STM32H7xx_HAL_Driver/stm32h7xx_hal_dma.o
 .ARM.attributes
                0x0000000000000297       0x32 ./Drivers/STM32H7xx_HAL_Driver/stm32h7xx_hal_dma_ex.o
 .ARM.attributes
                0x00000000000002c9       0x32 ./Drivers/STM32H7xx_HAL_Driver/stm32h7xx_hal_gpio.o
 .ARM.attributes
                0x00000000000002fb       0x32 ./Drivers/STM32H7xx_HAL_Driver/stm32h7xx_hal_i2c.o
 .ARM.attributes
                0x000000000000032d       0x32 ./Drivers/STM32H7xx_HAL_Driver/stm32h7xx_hal_rcc.o
 .ARM.attributes
                0x000000000000035f       0x32 ./Drivers/STM32H7xx_HAL_Driver/stm32h7xx_hal_tim.o
 .ARM.attributes
                0x0000000000000391       0x32 D:/STM32CubeIDE_1.13.1/STM32CubeIDE/plugins/com.st.stm32cube.ide.mcu.externaltools.gnu-tools-for-stm32.11.3.rel1.win32_1.1.0.202305231506/tools/bin/../lib/gcc/arm-none-eabi/11.3.1/../../../../arm-none-eabi/lib/thumb/v7e-m+dp/hard\libc_nano.a(libc_a-findfp.o)
 .ARM.attributes
                0x00000000000003c3       0x32 D:/STM32CubeIDE_1.13.1/STM32CubeIDE/plugins/com.st.stm32cube.ide.mcu.externaltools.gnu-tools-for-stm32.11.3.rel1.win32_1.1.0.202305231506/tools/bin/../lib/gcc/arm-none-eabi/11.3.1/../../../../arm-none-eabi/lib/thumb/v7e-m+dp/hard\libc_nano.a(libc_a-fwalk.o)
 .ARM.attributes
                0x00000000000003f5       0x32 D:/STM32CubeIDE_1.13.1/STM32CubeIDE/plugins/com.st.stm32cube.ide.mcu.externaltools.gnu-tools-for-stm32.11.3.rel1.win32_1.1.0.202305231506/tools/bin/../lib/gcc/arm-none-eabi/11.3.1/../../../../arm-none-eabi/lib/thumb/v7e-m+dp/hard\libc_nano.a(libc_a-printf.o)
 .ARM.attributes
                0x0000000000000427       0x32 D:/STM32CubeIDE_1.13.1/STM32CubeIDE/plugins/com.st.stm32cube.ide.mcu.externaltools.gnu-tools-for-stm32.11.3.rel1.win32_1.1.0.202305231506/tools/bin/../lib/gcc/arm-none-eabi/11.3.1/../../../../arm-none-eabi/lib/thumb/v7e-m+dp/hard\libc_nano.a(libc_a-stdio.o)
 .ARM.attributes
                0x0000000000000459       0x32 D:/STM32CubeIDE_1.13.1/STM32CubeIDE/plugins/com.st.stm32cube.ide.mcu.externaltools.gnu-tools-for-stm32.11.3.rel1.win32_1.1.0.202305231506/tools/bin/../lib/gcc/arm-none-eabi/11.3.1/../../../../arm-none-eabi/lib/thumb/v7e-m+dp/hard\libc_nano.a(libc_a-memset.o)
 .ARM.attributes
                0x000000000000048b       0x32 D:/STM32CubeIDE_1.13.1/STM32CubeIDE/plugins/com.st.stm32cube.ide.mcu.externaltools.gnu-tools-for-stm32.11.3.rel1.win32_1.1.0.202305231506/tools/bin/../lib/gcc/arm-none-eabi/11.3.1/../../../../arm-none-eabi/lib/thumb/v7e-m+dp/hard\libc_nano.a(libc_a-closer.o)
 .ARM.attributes
                0x00000000000004bd       0x32 D:/STM32CubeIDE_1.13.1/STM32CubeIDE/plugins/com.st.stm32cube.ide.mcu.externaltools.gnu-tools-for-stm32.11.3.rel1.win32_1.1.0.202305231506/tools/bin/../lib/gcc/arm-none-eabi/11.3.1/../../../../arm-none-eabi/lib/thumb/v7e-m+dp/hard\libc_nano.a(libc_a-reent.o)
 .ARM.attributes
                0x00000000000004ef       0x32 D:/STM32CubeIDE_1.13.1/STM32CubeIDE/plugins/com.st.stm32cube.ide.mcu.externaltools.gnu-tools-for-stm32.11.3.rel1.win32_1.1.0.202305231506/tools/bin/../lib/gcc/arm-none-eabi/11.3.1/../../../../arm-none-eabi/lib/thumb/v7e-m+dp/hard\libc_nano.a(libc_a-impure.o)
 .ARM.attributes
                0x0000000000000521       0x32 D:/STM32CubeIDE_1.13.1/STM32CubeIDE/plugins/com.st.stm32cube.ide.mcu.externaltools.gnu-tools-for-stm32.11.3.rel1.win32_1.1.0.202305231506/tools/bin/../lib/gcc/arm-none-eabi/11.3.1/../../../../arm-none-eabi/lib/thumb/v7e-m+dp/hard\libc_nano.a(libc_a-lseekr.o)
 .ARM.attributes
                0x0000000000000553       0x32 D:/STM32CubeIDE_1.13.1/STM32CubeIDE/plugins/com.st.stm32cube.ide.mcu.externaltools.gnu-tools-for-stm32.11.3.rel1.win32_1.1.0.202305231506/tools/bin/../lib/gcc/arm-none-eabi/11.3.1/../../../../arm-none-eabi/lib/thumb/v7e-m+dp/hard\libc_nano.a(libc_a-readr.o)
 .ARM.attributes
                0x0000000000000585       0x32 D:/STM32CubeIDE_1.13.1/STM32CubeIDE/plugins/com.st.stm32cube.ide.mcu.externaltools.gnu-tools-for-stm32.11.3.rel1.win32_1.1.0.202305231506/tools/bin/../lib/gcc/arm-none-eabi/11.3.1/../../../../arm-none-eabi/lib/thumb/v7e-m+dp/hard\libc_nano.a(libc_a-writer.o)
 .ARM.attributes
                0x00000000000005b7       0x32 D:/STM32CubeIDE_1.13.1/STM32CubeIDE/plugins/com.st.stm32cube.ide.mcu.externaltools.gnu-tools-for-stm32.11.3.rel1.win32_1.1.0.202305231506/tools/bin/../lib/gcc/arm-none-eabi/11.3.1/../../../../arm-none-eabi/lib/thumb/v7e-m+dp/hard\libc_nano.a(libc_a-errno.o)
 .ARM.attributes
                0x00000000000005e9       0x32 D:/STM32CubeIDE_1.13.1/STM32CubeIDE/plugins/com.st.stm32cube.ide.mcu.externaltools.gnu-tools-for-stm32.11.3.rel1.win32_1.1.0.202305231506/tools/bin/../lib/gcc/arm-none-eabi/11.3.1/../../../../arm-none-eabi/lib/thumb/v7e-m+dp/hard\libc_nano.a(libc_a-init.o)
 .ARM.attributes
                0x000000000000061b       0x32 D:/STM32CubeIDE_1.13.1/STM32CubeIDE/plugins/com.st.stm32cube.ide.mcu.externaltools.gnu-tools-for-stm32.11.3.rel1.win32_1.1.0.202305231506/tools/bin/../lib/gcc/arm-none-eabi/11.3.1/../../../../arm-none-eabi/lib/thumb/v7e-m+dp/hard\libc_nano.a(libc_a-lock.o)
 .ARM.attributes
                0x000000000000064d       0x32 D:/STM32CubeIDE_1.13.1/STM32CubeIDE/plugins/com.st.stm32cube.ide.mcu.externaltools.gnu-tools-for-stm32.11.3.rel1.win32_1.1.0.202305231506/tools/bin/../lib/gcc/arm-none-eabi/11.3.1/../../../../arm-none-eabi/lib/thumb/v7e-m+dp/hard\libc_nano.a(libc_a-freer.o)
 .ARM.attributes
                0x000000000000067f       0x32 D:/STM32CubeIDE_1.13.1/STM32CubeIDE/plugins/com.st.stm32cube.ide.mcu.externaltools.gnu-tools-for-stm32.11.3.rel1.win32_1.1.0.202305231506/tools/bin/../lib/gcc/arm-none-eabi/11.3.1/../../../../arm-none-eabi/lib/thumb/v7e-m+dp/hard\libc_nano.a(libc_a-mallocr.o)
 .ARM.attributes
                0x00000000000006b1       0x32 D:/STM32CubeIDE_1.13.1/STM32CubeIDE/plugins/com.st.stm32cube.ide.mcu.externaltools.gnu-tools-for-stm32.11.3.rel1.win32_1.1.0.202305231506/tools/bin/../lib/gcc/arm-none-eabi/11.3.1/../../../../arm-none-eabi/lib/thumb/v7e-m+dp/hard\libc_nano.a(libc_a-mlock.o)
 .ARM.attributes
                0x00000000000006e3       0x32 D:/STM32CubeIDE_1.13.1/STM32CubeIDE/plugins/com.st.stm32cube.ide.mcu.externaltools.gnu-tools-for-stm32.11.3.rel1.win32_1.1.0.202305231506/tools/bin/../lib/gcc/arm-none-eabi/11.3.1/../../../../arm-none-eabi/lib/thumb/v7e-m+dp/hard\libc_nano.a(libc_a-nano-vfprintf.o)
 .ARM.attributes
                0x0000000000000715       0x32 D:/STM32CubeIDE_1.13.1/STM32CubeIDE/plugins/com.st.stm32cube.ide.mcu.externaltools.gnu-tools-for-stm32.11.3.rel1.win32_1.1.0.202305231506/tools/bin/../lib/gcc/arm-none-eabi/11.3.1/../../../../arm-none-eabi/lib/thumb/v7e-m+dp/hard\libc_nano.a(libc_a-nano-vfprintf_i.o)
 .ARM.attributes
                0x0000000000000747       0x32 D:/STM32CubeIDE_1.13.1/STM32CubeIDE/plugins/com.st.stm32cube.ide.mcu.externaltools.gnu-tools-for-stm32.11.3.rel1.win32_1.1.0.202305231506/tools/bin/../lib/gcc/arm-none-eabi/11.3.1/../../../../arm-none-eabi/lib/thumb/v7e-m+dp/hard\libc_nano.a(libc_a-fflush.o)
 .ARM.attributes
                0x0000000000000779       0x32 D:/STM32CubeIDE_1.13.1/STM32CubeIDE/plugins/com.st.stm32cube.ide.mcu.externaltools.gnu-tools-for-stm32.11.3.rel1.win32_1.1.0.202305231506/tools/bin/../lib/gcc/arm-none-eabi/11.3.1/../../../../arm-none-eabi/lib/thumb/v7e-m+dp/hard\libc_nano.a(libc_a-wbuf.o)
 .ARM.attributes
                0x00000000000007ab       0x32 D:/STM32CubeIDE_1.13.1/STM32CubeIDE/plugins/com.st.stm32cube.ide.mcu.externaltools.gnu-tools-for-stm32.11.3.rel1.win32_1.1.0.202305231506/tools/bin/../lib/gcc/arm-none-eabi/11.3.1/../../../../arm-none-eabi/lib/thumb/v7e-m+dp/hard\libc_nano.a(libc_a-wsetup.o)
 .ARM.attributes
                0x00000000000007dd       0x32 D:/STM32CubeIDE_1.13.1/STM32CubeIDE/plugins/com.st.stm32cube.ide.mcu.externaltools.gnu-tools-for-stm32.11.3.rel1.win32_1.1.0.202305231506/tools/bin/../lib/gcc/arm-none-eabi/11.3.1/../../../../arm-none-eabi/lib/thumb/v7e-m+dp/hard\libc_nano.a(libc_a-sbrkr.o)
 .ARM.attributes
                0x000000000000080f       0x1c D:/STM32CubeIDE_1.13.1/STM32CubeIDE/plugins/com.st.stm32cube.ide.mcu.externaltools.gnu-tools-for-stm32.11.3.rel1.win32_1.1.0.202305231506/tools/bin/../lib/gcc/arm-none-eabi/11.3.1/../../../../arm-none-eabi/lib/thumb/v7e-m+dp/hard\libc_nano.a(libc_a-memchr.o)
 .ARM.attributes
                0x000000000000082b       0x32 D:/STM32CubeIDE_1.13.1/STM32CubeIDE/plugins/com.st.stm32cube.ide.mcu.externaltools.gnu-tools-for-stm32.11.3.rel1.win32_1.1.0.202305231506/tools/bin/../lib/gcc/arm-none-eabi/11.3.1/../../../../arm-none-eabi/lib/thumb/v7e-m+dp/hard\libc_nano.a(libc_a-makebuf.o)
 .ARM.attributes
                0x000000000000085d       0x32 D:/STM32CubeIDE_1.13.1/STM32CubeIDE/plugins/com.st.stm32cube.ide.mcu.externaltools.gnu-tools-for-stm32.11.3.rel1.win32_1.1.0.202305231506/tools/bin/../lib/gcc/arm-none-eabi/11.3.1/../../../../arm-none-eabi/lib/thumb/v7e-m+dp/hard\libc_nano.a(libc_a-fstatr.o)
 .ARM.attributes
                0x000000000000088f       0x32 D:/STM32CubeIDE_1.13.1/STM32CubeIDE/plugins/com.st.stm32cube.ide.mcu.externaltools.gnu-tools-for-stm32.11.3.rel1.win32_1.1.0.202305231506/tools/bin/../lib/gcc/arm-none-eabi/11.3.1/../../../../arm-none-eabi/lib/thumb/v7e-m+dp/hard\libc_nano.a(libc_a-isattyr.o)
 .ARM.attributes
                0x00000000000008c1       0x1e D:/STM32CubeIDE_1.13.1/STM32CubeIDE/plugins/com.st.stm32cube.ide.mcu.externaltools.gnu-tools-for-stm32.11.3.rel1.win32_1.1.0.202305231506/tools/bin/../lib/gcc/arm-none-eabi/11.3.1/thumb/v7e-m+dp/hard/crtn.o
OUTPUT(OVA7670_test.elf elf32-littlearm)
LOAD linker stubs
LOAD D:/STM32CubeIDE_1.13.1/STM32CubeIDE/plugins/com.st.stm32cube.ide.mcu.externaltools.gnu-tools-for-stm32.11.3.rel1.win32_1.1.0.202305231506/tools/bin/../lib/gcc/arm-none-eabi/11.3.1/../../../../arm-none-eabi/lib/thumb/v7e-m+dp/hard\libc.a
LOAD D:/STM32CubeIDE_1.13.1/STM32CubeIDE/plugins/com.st.stm32cube.ide.mcu.externaltools.gnu-tools-for-stm32.11.3.rel1.win32_1.1.0.202305231506/tools/bin/../lib/gcc/arm-none-eabi/11.3.1/../../../../arm-none-eabi/lib/thumb/v7e-m+dp/hard\libm.a
LOAD D:/STM32CubeIDE_1.13.1/STM32CubeIDE/plugins/com.st.stm32cube.ide.mcu.externaltools.gnu-tools-for-stm32.11.3.rel1.win32_1.1.0.202305231506/tools/bin/../lib/gcc/arm-none-eabi/11.3.1/thumb/v7e-m+dp/hard\libgcc.a

.comment        0x0000000000000000       0x43
 .comment       0x0000000000000000       0x43 D:/STM32CubeIDE_1.13.1/STM32CubeIDE/plugins/com.st.stm32cube.ide.mcu.externaltools.gnu-tools-for-stm32.11.3.rel1.win32_1.1.0.202305231506/tools/bin/../lib/gcc/arm-none-eabi/11.3.1/thumb/v7e-m+dp/hard/crtbegin.o
                                         0x44 (size before relaxing)
 .comment       0x0000000000000043       0x44 ./Core/Src/main.o
 .comment       0x0000000000000043       0x44 ./Core/Src/ov7670.o
 .comment       0x0000000000000043       0x44 ./Core/Src/stm32h7xx_hal_msp.o
 .comment       0x0000000000000043       0x44 ./Core/Src/stm32h7xx_it.o
 .comment       0x0000000000000043       0x44 ./Core/Src/syscalls.o
 .comment       0x0000000000000043       0x44 ./Core/Src/sysmem.o
 .comment       0x0000000000000043       0x44 ./Core/Src/system_stm32h7xx.o
 .comment       0x0000000000000043       0x44 ./Drivers/STM32H7xx_HAL_Driver/stm32h7xx_hal.o
 .comment       0x0000000000000043       0x44 ./Drivers/STM32H7xx_HAL_Driver/stm32h7xx_hal_cortex.o
 .comment       0x0000000000000043       0x44 ./Drivers/STM32H7xx_HAL_Driver/stm32h7xx_hal_dcmi.o
 .comment       0x0000000000000043       0x44 ./Drivers/STM32H7xx_HAL_Driver/stm32h7xx_hal_dma.o
 .comment       0x0000000000000043       0x44 ./Drivers/STM32H7xx_HAL_Driver/stm32h7xx_hal_dma_ex.o
 .comment       0x0000000000000043       0x44 ./Drivers/STM32H7xx_HAL_Driver/stm32h7xx_hal_gpio.o
 .comment       0x0000000000000043       0x44 ./Drivers/STM32H7xx_HAL_Driver/stm32h7xx_hal_i2c.o
 .comment       0x0000000000000043       0x44 ./Drivers/STM32H7xx_HAL_Driver/stm32h7xx_hal_rcc.o
 .comment       0x0000000000000043       0x44 ./Drivers/STM32H7xx_HAL_Driver/stm32h7xx_hal_tim.o

.debug_info     0x0000000000000000     0xfa0d
 .debug_info    0x0000000000000000     0x1ac0 ./Core/Src/main.o
 .debug_info    0x0000000000001ac0      0x8d8 ./Core/Src/ov7670.o
 .debug_info    0x0000000000002398     0x10d3 ./Core/Src/stm32h7xx_hal_msp.o
 .debug_info    0x000000000000346b      0x128 ./Core/Src/stm32h7xx_it.o
 .debug_info    0x0000000000003593      0x6a3 ./Core/Src/syscalls.o
 .debug_info    0x0000000000003c36      0x168 ./Core/Src/sysmem.o
 .debug_info    0x0000000000003d9e      0xcef ./Core/Src/system_stm32h7xx.o
 .debug_info    0x0000000000004a8d       0x23 ./Core/Startup/startup_stm32h750vbtx.o
 .debug_info    0x0000000000004ab0     0x1541 ./Drivers/STM32H7xx_HAL_Driver/stm32h7xx_hal.o
 .debug_info    0x0000000000005ff1     0x10b2 ./Drivers/STM32H7xx_HAL_Driver/stm32h7xx_hal_cortex.o
 .debug_info    0x00000000000070a3      0xc1d ./Drivers/STM32H7xx_HAL_Driver/stm32h7xx_hal_dcmi.o
 .debug_info    0x0000000000007cc0      0xc27 ./Drivers/STM32H7xx_HAL_Driver/stm32h7xx_hal_dma.o
 .debug_info    0x00000000000088e7      0x831 ./Drivers/STM32H7xx_HAL_Driver/stm32h7xx_hal_dma_ex.o
 .debug_info    0x0000000000009118      0xc4b ./Drivers/STM32H7xx_HAL_Driver/stm32h7xx_hal_gpio.o
 .debug_info    0x0000000000009d63     0x22a1 ./Drivers/STM32H7xx_HAL_Driver/stm32h7xx_hal_i2c.o
 .debug_info    0x000000000000c004      0xe5b ./Drivers/STM32H7xx_HAL_Driver/stm32h7xx_hal_rcc.o
 .debug_info    0x000000000000ce5f     0x2bae ./Drivers/STM32H7xx_HAL_Driver/stm32h7xx_hal_tim.o

.debug_abbrev   0x0000000000000000     0x20f0
 .debug_abbrev  0x0000000000000000      0x2d0 ./Core/Src/main.o
 .debug_abbrev  0x00000000000002d0      0x1ef ./Core/Src/ov7670.o
 .debug_abbrev  0x00000000000004bf      0x230 ./Core/Src/stm32h7xx_hal_msp.o
 .debug_abbrev  0x00000000000006ef       0x73 ./Core/Src/stm32h7xx_it.o
 .debug_abbrev  0x0000000000000762      0x1b6 ./Core/Src/syscalls.o
 .debug_abbrev  0x0000000000000918       0xbc ./Core/Src/sysmem.o
 .debug_abbrev  0x00000000000009d4      0x14c ./Core/Src/system_stm32h7xx.o
 .debug_abbrev  0x0000000000000b20       0x12 ./Core/Startup/startup_stm32h750vbtx.o
 .debug_abbrev  0x0000000000000b32      0x295 ./Drivers/STM32H7xx_HAL_Driver/stm32h7xx_hal.o
 .debug_abbrev  0x0000000000000dc7      0x339 ./Drivers/STM32H7xx_HAL_Driver/stm32h7xx_hal_cortex.o
 .debug_abbrev  0x0000000000001100      0x243 ./Drivers/STM32H7xx_HAL_Driver/stm32h7xx_hal_dcmi.o
 .debug_abbrev  0x0000000000001343      0x248 ./Drivers/STM32H7xx_HAL_Driver/stm32h7xx_hal_dma.o
 .debug_abbrev  0x000000000000158b      0x1cc ./Drivers/STM32H7xx_HAL_Driver/stm32h7xx_hal_dma_ex.o
 .debug_abbrev  0x0000000000001757      0x1fe ./Drivers/STM32H7xx_HAL_Driver/stm32h7xx_hal_gpio.o
 .debug_abbrev  0x0000000000001955      0x25d ./Drivers/STM32H7xx_HAL_Driver/stm32h7xx_hal_i2c.o
 .debug_abbrev  0x0000000000001bb2      0x2c8 ./Drivers/STM32H7xx_HAL_Driver/stm32h7xx_hal_rcc.o
 .debug_abbrev  0x0000000000001e7a      0x276 ./Drivers/STM32H7xx_HAL_Driver/stm32h7xx_hal_tim.o

.debug_aranges  0x0000000000000000      0xe38
 .debug_aranges
                0x0000000000000000       0x58 ./Core/Src/main.o
 .debug_aranges
                0x0000000000000058       0x38 ./Core/Src/ov7670.o
 .debug_aranges
                0x0000000000000090       0x48 ./Core/Src/stm32h7xx_hal_msp.o
 .debug_aranges
                0x00000000000000d8       0x60 ./Core/Src/stm32h7xx_it.o
 .debug_aranges
                0x0000000000000138       0xa8 ./Core/Src/syscalls.o
 .debug_aranges
                0x00000000000001e0       0x20 ./Core/Src/sysmem.o
 .debug_aranges
                0x0000000000000200       0x28 ./Core/Src/system_stm32h7xx.o
 .debug_aranges
                0x0000000000000228       0x28 ./Core/Startup/startup_stm32h750vbtx.o
 .debug_aranges
                0x0000000000000250      0x198 ./Drivers/STM32H7xx_HAL_Driver/stm32h7xx_hal.o
 .debug_aranges
                0x00000000000003e8      0x130 ./Drivers/STM32H7xx_HAL_Driver/stm32h7xx_hal_cortex.o
 .debug_aranges
                0x0000000000000518       0xc0 ./Drivers/STM32H7xx_HAL_Driver/stm32h7xx_hal_dcmi.o
 .debug_aranges
                0x00000000000005d8       0xa0 ./Drivers/STM32H7xx_HAL_Driver/stm32h7xx_hal_dma.o
 .debug_aranges
                0x0000000000000678       0x60 ./Drivers/STM32H7xx_HAL_Driver/stm32h7xx_hal_dma_ex.o
 .debug_aranges
                0x00000000000006d8       0x58 ./Drivers/STM32H7xx_HAL_Driver/stm32h7xx_hal_gpio.o
 .debug_aranges
                0x0000000000000730      0x2a0 ./Drivers/STM32H7xx_HAL_Driver/stm32h7xx_hal_i2c.o
 .debug_aranges
                0x00000000000009d0       0x88 ./Drivers/STM32H7xx_HAL_Driver/stm32h7xx_hal_rcc.o
 .debug_aranges
                0x0000000000000a58      0x3e0 ./Drivers/STM32H7xx_HAL_Driver/stm32h7xx_hal_tim.o

.debug_rnglists
                0x0000000000000000      0xb01
 .debug_rnglists
                0x0000000000000000       0x3e ./Core/Src/main.o
 .debug_rnglists
                0x000000000000003e       0x27 ./Core/Src/ov7670.o
 .debug_rnglists
                0x0000000000000065       0x32 ./Core/Src/stm32h7xx_hal_msp.o
 .debug_rnglists
                0x0000000000000097       0x43 ./Core/Src/stm32h7xx_it.o
 .debug_rnglists
                0x00000000000000da       0x79 ./Core/Src/syscalls.o
 .debug_rnglists
                0x0000000000000153       0x13 ./Core/Src/sysmem.o
 .debug_rnglists
                0x0000000000000166       0x1b ./Core/Src/system_stm32h7xx.o
 .debug_rnglists
                0x0000000000000181       0x19 ./Core/Startup/startup_stm32h750vbtx.o
 .debug_rnglists
                0x000000000000019a      0x131 ./Drivers/STM32H7xx_HAL_Driver/stm32h7xx_hal.o
 .debug_rnglists
                0x00000000000002cb       0xe0 ./Drivers/STM32H7xx_HAL_Driver/stm32h7xx_hal_cortex.o
 .debug_rnglists
                0x00000000000003ab       0x91 ./Drivers/STM32H7xx_HAL_Driver/stm32h7xx_hal_dcmi.o
 .debug_rnglists
                0x000000000000043c       0x82 ./Drivers/STM32H7xx_HAL_Driver/stm32h7xx_hal_dma.o
 .debug_rnglists
                0x00000000000004be       0x4a ./Drivers/STM32H7xx_HAL_Driver/stm32h7xx_hal_dma_ex.o
 .debug_rnglists
                0x0000000000000508       0x3f ./Drivers/STM32H7xx_HAL_Driver/stm32h7xx_hal_gpio.o
 .debug_rnglists
                0x0000000000000547      0x22a ./Drivers/STM32H7xx_HAL_Driver/stm32h7xx_hal_i2c.o
 .debug_rnglists
                0x0000000000000771       0x68 ./Drivers/STM32H7xx_HAL_Driver/stm32h7xx_hal_rcc.o
 .debug_rnglists
                0x00000000000007d9      0x328 ./Drivers/STM32H7xx_HAL_Driver/stm32h7xx_hal_tim.o

.debug_macro    0x0000000000000000    0x37b33
 .debug_macro   0x0000000000000000      0x2ec ./Core/Src/main.o
 .debug_macro   0x00000000000002ec      0xac0 ./Core/Src/main.o
 .debug_macro   0x0000000000000dac      0x238 ./Core/Src/main.o
 .debug_macro   0x0000000000000fe4       0x2e ./Core/Src/main.o
 .debug_macro   0x0000000000001012       0x3b ./Core/Src/main.o
 .debug_macro   0x000000000000104d       0x22 ./Core/Src/main.o
 .debug_macro   0x000000000000106f       0x8e ./Core/Src/main.o
 .debug_macro   0x00000000000010fd       0x51 ./Core/Src/main.o
 .debug_macro   0x000000000000114e      0x103 ./Core/Src/main.o
 .debug_macro   0x0000000000001251       0x6a ./Core/Src/main.o
 .debug_macro   0x00000000000012bb      0x1df ./Core/Src/main.o
 .debug_macro   0x000000000000149a       0x1c ./Core/Src/main.o
 .debug_macro   0x00000000000014b6       0x22 ./Core/Src/main.o
 .debug_macro   0x00000000000014d8       0xfb ./Core/Src/main.o
 .debug_macro   0x00000000000015d3     0x1305 ./Core/Src/main.o
 .debug_macro   0x00000000000028d8      0x11f ./Core/Src/main.o
 .debug_macro   0x00000000000029f7       0x27 ./Core/Src/main.o
 .debug_macro   0x0000000000002a1e    0x25eee ./Core/Src/main.o
 .debug_macro   0x000000000002890c       0x6d ./Core/Src/main.o
 .debug_macro   0x0000000000028979     0x3d79 ./Core/Src/main.o
 .debug_macro   0x000000000002c6f2      0x174 ./Core/Src/main.o
 .debug_macro   0x000000000002c866       0x61 ./Core/Src/main.o
 .debug_macro   0x000000000002c8c7       0x29 ./Core/Src/main.o
 .debug_macro   0x000000000002c8f0       0x43 ./Core/Src/main.o
 .debug_macro   0x000000000002c933       0x34 ./Core/Src/main.o
 .debug_macro   0x000000000002c967       0x16 ./Core/Src/main.o
 .debug_macro   0x000000000002c97d       0x43 ./Core/Src/main.o
 .debug_macro   0x000000000002c9c0       0x34 ./Core/Src/main.o
 .debug_macro   0x000000000002c9f4       0x10 ./Core/Src/main.o
 .debug_macro   0x000000000002ca04       0x58 ./Core/Src/main.o
 .debug_macro   0x000000000002ca5c       0x8e ./Core/Src/main.o
 .debug_macro   0x000000000002caea       0x1c ./Core/Src/main.o
 .debug_macro   0x000000000002cb06      0x177 ./Core/Src/main.o
 .debug_macro   0x000000000002cc7d      0x369 ./Core/Src/main.o
 .debug_macro   0x000000000002cfe6      0x19b ./Core/Src/main.o
 .debug_macro   0x000000000002d181       0x5d ./Core/Src/main.o
 .debug_macro   0x000000000002d1de     0x240e ./Core/Src/main.o
 .debug_macro   0x000000000002f5ec     0x102c ./Core/Src/main.o
 .debug_macro   0x0000000000030618      0x154 ./Core/Src/main.o
 .debug_macro   0x000000000003076c      0x114 ./Core/Src/main.o
 .debug_macro   0x0000000000030880      0x3b6 ./Core/Src/main.o
 .debug_macro   0x0000000000030c36       0xac ./Core/Src/main.o
 .debug_macro   0x0000000000030ce2      0x72d ./Core/Src/main.o
 .debug_macro   0x000000000003140f      0x228 ./Core/Src/main.o
 .debug_macro   0x0000000000031637       0x66 ./Core/Src/main.o
 .debug_macro   0x000000000003169d      0x3bb ./Core/Src/main.o
 .debug_macro   0x0000000000031a58      0x22c ./Core/Src/main.o
 .debug_macro   0x0000000000031c84      0x3e4 ./Core/Src/main.o
 .debug_macro   0x0000000000032068      0x275 ./Core/Src/main.o
 .debug_macro   0x00000000000322dd      0x3ca ./Core/Src/main.o
 .debug_macro   0x00000000000326a7      0x3de ./Core/Src/main.o
 .debug_macro   0x0000000000032a85       0x3c ./Core/Src/main.o
 .debug_macro   0x0000000000032ac1       0x4a ./Core/Src/main.o
 .debug_macro   0x0000000000032b0b      0x22c ./Core/Src/main.o
 .debug_macro   0x0000000000032d37       0x67 ./Core/Src/main.o
 .debug_macro   0x0000000000032d9e       0xa5 ./Core/Src/main.o
 .debug_macro   0x0000000000032e43      0x1c4 ./Core/Src/main.o
 .debug_macro   0x0000000000033007      0x25e ./Core/Src/main.o
 .debug_macro   0x0000000000033265       0x35 ./Core/Src/main.o
 .debug_macro   0x000000000003329a      0xafa ./Core/Src/main.o
 .debug_macro   0x0000000000033d94      0x29f ./Core/Src/main.o
 .debug_macro   0x0000000000034033      0x5a0 ./Core/Src/main.o
 .debug_macro   0x00000000000345d3       0x1c ./Core/Src/main.o
 .debug_macro   0x00000000000345ef       0x35 ./Core/Src/main.o
 .debug_macro   0x0000000000034624       0x10 ./Core/Src/main.o
 .debug_macro   0x0000000000034634       0x1c ./Core/Src/main.o
 .debug_macro   0x0000000000034650       0x16 ./Core/Src/main.o
 .debug_macro   0x0000000000034666      0x147 ./Core/Src/main.o
 .debug_macro   0x00000000000347ad      0x2ae ./Core/Src/ov7670.o
 .debug_macro   0x0000000000034a5b      0x2a8 ./Core/Src/stm32h7xx_hal_msp.o
 .debug_macro   0x0000000000034d03      0x2b2 ./Core/Src/stm32h7xx_it.o
 .debug_macro   0x0000000000034fb5      0x274 ./Core/Src/syscalls.o
 .debug_macro   0x0000000000035229       0x5b ./Core/Src/syscalls.o
 .debug_macro   0x0000000000035284       0x94 ./Core/Src/syscalls.o
 .debug_macro   0x0000000000035318       0x57 ./Core/Src/syscalls.o
 .debug_macro   0x000000000003536f       0x10 ./Core/Src/syscalls.o
 .debug_macro   0x000000000003537f       0x10 ./Core/Src/syscalls.o
 .debug_macro   0x000000000003538f       0x10 ./Core/Src/syscalls.o
 .debug_macro   0x000000000003539f       0x10 ./Core/Src/syscalls.o
 .debug_macro   0x00000000000353af       0x1c ./Core/Src/syscalls.o
 .debug_macro   0x00000000000353cb       0x52 ./Core/Src/syscalls.o
 .debug_macro   0x000000000003541d       0x22 ./Core/Src/syscalls.o
 .debug_macro   0x000000000003543f       0x10 ./Core/Src/syscalls.o
 .debug_macro   0x000000000003544f       0x52 ./Core/Src/syscalls.o
 .debug_macro   0x00000000000354a1       0xcf ./Core/Src/syscalls.o
 .debug_macro   0x0000000000035570       0x1c ./Core/Src/syscalls.o
 .debug_macro   0x000000000003558c       0x3d ./Core/Src/syscalls.o
 .debug_macro   0x00000000000355c9       0x35 ./Core/Src/syscalls.o
 .debug_macro   0x00000000000355fe      0x12c ./Core/Src/syscalls.o
 .debug_macro   0x000000000003572a       0x16 ./Core/Src/syscalls.o
 .debug_macro   0x0000000000035740       0x16 ./Core/Src/syscalls.o
 .debug_macro   0x0000000000035756       0x29 ./Core/Src/syscalls.o
 .debug_macro   0x000000000003577f       0x10 ./Core/Src/syscalls.o
 .debug_macro   0x000000000003578f      0x242 ./Core/Src/syscalls.o
 .debug_macro   0x00000000000359d1       0x10 ./Core/Src/syscalls.o
 .debug_macro   0x00000000000359e1      0x18a ./Core/Src/syscalls.o
 .debug_macro   0x0000000000035b6b       0x16 ./Core/Src/syscalls.o
 .debug_macro   0x0000000000035b81       0xce ./Core/Src/syscalls.o
 .debug_macro   0x0000000000035c4f       0xff ./Core/Src/sysmem.o
 .debug_macro   0x0000000000035d4e      0x23c ./Core/Src/sysmem.o
 .debug_macro   0x0000000000035f8a      0x29e ./Core/Src/system_stm32h7xx.o
 .debug_macro   0x0000000000036228      0x2c8 ./Drivers/STM32H7xx_HAL_Driver/stm32h7xx_hal.o
 .debug_macro   0x00000000000364f0      0x29e ./Drivers/STM32H7xx_HAL_Driver/stm32h7xx_hal_cortex.o
 .debug_macro   0x000000000003678e      0x2a5 ./Drivers/STM32H7xx_HAL_Driver/stm32h7xx_hal_dcmi.o
 .debug_macro   0x0000000000036a33      0x2f2 ./Drivers/STM32H7xx_HAL_Driver/stm32h7xx_hal_dma.o
 .debug_macro   0x0000000000036d25      0x29e ./Drivers/STM32H7xx_HAL_Driver/stm32h7xx_hal_dma_ex.o
 .debug_macro   0x0000000000036fc3      0x2a5 ./Drivers/STM32H7xx_HAL_Driver/stm32h7xx_hal_gpio.o
 .debug_macro   0x0000000000037268      0x36a ./Drivers/STM32H7xx_HAL_Driver/stm32h7xx_hal_i2c.o
 .debug_macro   0x00000000000375d2      0x2c2 ./Drivers/STM32H7xx_HAL_Driver/stm32h7xx_hal_rcc.o
 .debug_macro   0x0000000000037894      0x29f ./Drivers/STM32H7xx_HAL_Driver/stm32h7xx_hal_tim.o

.debug_line     0x0000000000000000    0x153f6
 .debug_line    0x0000000000000000      0xaf8 ./Core/Src/main.o
 .debug_line    0x0000000000000af8      0xa80 ./Core/Src/ov7670.o
 .debug_line    0x0000000000001578      0xa94 ./Core/Src/stm32h7xx_hal_msp.o
 .debug_line    0x000000000000200c      0xa57 ./Core/Src/stm32h7xx_it.o
 .debug_line    0x0000000000002a63      0x899 ./Core/Src/syscalls.o
 .debug_line    0x00000000000032fc      0x56a ./Core/Src/sysmem.o
 .debug_line    0x0000000000003866      0xb44 ./Core/Src/system_stm32h7xx.o
 .debug_line    0x00000000000043aa       0x7a ./Core/Startup/startup_stm32h750vbtx.o
 .debug_line    0x0000000000004424      0xf78 ./Drivers/STM32H7xx_HAL_Driver/stm32h7xx_hal.o
 .debug_line    0x000000000000539c      0xfaf ./Drivers/STM32H7xx_HAL_Driver/stm32h7xx_hal_cortex.o
 .debug_line    0x000000000000634b     0x1113 ./Drivers/STM32H7xx_HAL_Driver/stm32h7xx_hal_dcmi.o
 .debug_line    0x000000000000745e     0x28c9 ./Drivers/STM32H7xx_HAL_Driver/stm32h7xx_hal_dma.o
 .debug_line    0x0000000000009d27     0x1312 ./Drivers/STM32H7xx_HAL_Driver/stm32h7xx_hal_dma_ex.o
 .debug_line    0x000000000000b039      0xe3e ./Drivers/STM32H7xx_HAL_Driver/stm32h7xx_hal_gpio.o
 .debug_line    0x000000000000be77     0x3f44 ./Drivers/STM32H7xx_HAL_Driver/stm32h7xx_hal_i2c.o
 .debug_line    0x000000000000fdbb     0x154b ./Drivers/STM32H7xx_HAL_Driver/stm32h7xx_hal_rcc.o
 .debug_line    0x0000000000011306     0x40f0 ./Drivers/STM32H7xx_HAL_Driver/stm32h7xx_hal_tim.o

.debug_str      0x0000000000000000   0x160e84
 .debug_str     0x0000000000000000   0x15acfe ./Core/Src/main.o
                                     0x15b2b5 (size before relaxing)
 .debug_str     0x000000000015acfe       0xdd ./Core/Src/ov7670.o
                                     0x1599b5 (size before relaxing)
 .debug_str     0x000000000015addb       0xec ./Core/Src/stm32h7xx_hal_msp.o
                                     0x159e5f (size before relaxing)
 .debug_str     0x000000000015aec7       0xc9 ./Core/Src/stm32h7xx_it.o
                                     0x159357 (size before relaxing)
 .debug_str     0x000000000015af90     0x20e8 ./Core/Src/syscalls.o
                                       0x98e3 (size before relaxing)
 .debug_str     0x000000000015d078       0x6b ./Core/Src/sysmem.o
                                       0x609a (size before relaxing)
 .debug_str     0x000000000015d0e3      0x34e ./Core/Src/system_stm32h7xx.o
                                     0x15982b (size before relaxing)
 .debug_str     0x000000000015d431       0x34 ./Core/Startup/startup_stm32h750vbtx.o
                                         0x63 (size before relaxing)
 .debug_str     0x000000000015d465      0x890 ./Drivers/STM32H7xx_HAL_Driver/stm32h7xx_hal.o
                                     0x15a789 (size before relaxing)
 .debug_str     0x000000000015dcf5      0x3b1 ./Drivers/STM32H7xx_HAL_Driver/stm32h7xx_hal_cortex.o
                                     0x15a1c4 (size before relaxing)
 .debug_str     0x000000000015e0a6      0x2d5 ./Drivers/STM32H7xx_HAL_Driver/stm32h7xx_hal_dcmi.o
                                     0x159baa (size before relaxing)
 .debug_str     0x000000000015e37b      0x884 ./Drivers/STM32H7xx_HAL_Driver/stm32h7xx_hal_dma.o
                                     0x159f9e (size before relaxing)
 .debug_str     0x000000000015ebff      0x23c ./Drivers/STM32H7xx_HAL_Driver/stm32h7xx_hal_dma_ex.o
                                     0x15992b (size before relaxing)
 .debug_str     0x000000000015ee3b      0x166 ./Drivers/STM32H7xx_HAL_Driver/stm32h7xx_hal_gpio.o
                                     0x15981b (size before relaxing)
 .debug_str     0x000000000015efa1      0xdf4 ./Drivers/STM32H7xx_HAL_Driver/stm32h7xx_hal_i2c.o
                                     0x15a8b3 (size before relaxing)
 .debug_str     0x000000000015fd95      0x299 ./Drivers/STM32H7xx_HAL_Driver/stm32h7xx_hal_rcc.o
                                     0x159bff (size before relaxing)
 .debug_str     0x000000000016002e      0xe56 ./Drivers/STM32H7xx_HAL_Driver/stm32h7xx_hal_tim.o
                                     0x15a99e (size before relaxing)

.debug_frame    0x0000000000000000     0x435c
 .debug_frame   0x0000000000000000      0x11c ./Core/Src/main.o
 .debug_frame   0x000000000000011c       0xa4 ./Core/Src/ov7670.o
 .debug_frame   0x00000000000001c0       0xf4 ./Core/Src/stm32h7xx_hal_msp.o
 .debug_frame   0x00000000000002b4      0x104 ./Core/Src/stm32h7xx_it.o
 .debug_frame   0x00000000000003b8      0x2ac ./Core/Src/syscalls.o
 .debug_frame   0x0000000000000664       0x34 ./Core/Src/sysmem.o
 .debug_frame   0x0000000000000698       0x58 ./Core/Src/system_stm32h7xx.o
 .debug_frame   0x00000000000006f0      0x690 ./Drivers/STM32H7xx_HAL_Driver/stm32h7xx_hal.o
 .debug_frame   0x0000000000000d80      0x508 ./Drivers/STM32H7xx_HAL_Driver/stm32h7xx_hal_cortex.o
 .debug_frame   0x0000000000001288      0x340 ./Drivers/STM32H7xx_HAL_Driver/stm32h7xx_hal_dcmi.o
 .debug_frame   0x00000000000015c8      0x2b4 ./Drivers/STM32H7xx_HAL_Driver/stm32h7xx_hal_dma.o
 .debug_frame   0x000000000000187c      0x174 ./Drivers/STM32H7xx_HAL_Driver/stm32h7xx_hal_dma_ex.o
 .debug_frame   0x00000000000019f0      0x14c ./Drivers/STM32H7xx_HAL_Driver/stm32h7xx_hal_gpio.o
 .debug_frame   0x0000000000001b3c      0xc40 ./Drivers/STM32H7xx_HAL_Driver/stm32h7xx_hal_i2c.o
 .debug_frame   0x000000000000277c      0x1f8 ./Drivers/STM32H7xx_HAL_Driver/stm32h7xx_hal_rcc.o
 .debug_frame   0x0000000000002974     0x121c ./Drivers/STM32H7xx_HAL_Driver/stm32h7xx_hal_tim.o
 .debug_frame   0x0000000000003b90      0x13c D:/STM32CubeIDE_1.13.1/STM32CubeIDE/plugins/com.st.stm32cube.ide.mcu.externaltools.gnu-tools-for-stm32.11.3.rel1.win32_1.1.0.202305231506/tools/bin/../lib/gcc/arm-none-eabi/11.3.1/../../../../arm-none-eabi/lib/thumb/v7e-m+dp/hard\libc_nano.a(libc_a-findfp.o)
 .debug_frame   0x0000000000003ccc       0x34 D:/STM32CubeIDE_1.13.1/STM32CubeIDE/plugins/com.st.stm32cube.ide.mcu.externaltools.gnu-tools-for-stm32.11.3.rel1.win32_1.1.0.202305231506/tools/bin/../lib/gcc/arm-none-eabi/11.3.1/../../../../arm-none-eabi/lib/thumb/v7e-m+dp/hard\libc_nano.a(libc_a-fwalk.o)
 .debug_frame   0x0000000000003d00       0x6c D:/STM32CubeIDE_1.13.1/STM32CubeIDE/plugins/com.st.stm32cube.ide.mcu.externaltools.gnu-tools-for-stm32.11.3.rel1.win32_1.1.0.202305231506/tools/bin/../lib/gcc/arm-none-eabi/11.3.1/../../../../arm-none-eabi/lib/thumb/v7e-m+dp/hard\libc_nano.a(libc_a-printf.o)
 .debug_frame   0x0000000000003d6c       0x88 D:/STM32CubeIDE_1.13.1/STM32CubeIDE/plugins/com.st.stm32cube.ide.mcu.externaltools.gnu-tools-for-stm32.11.3.rel1.win32_1.1.0.202305231506/tools/bin/../lib/gcc/arm-none-eabi/11.3.1/../../../../arm-none-eabi/lib/thumb/v7e-m+dp/hard\libc_nano.a(libc_a-stdio.o)
 .debug_frame   0x0000000000003df4       0x20 D:/STM32CubeIDE_1.13.1/STM32CubeIDE/plugins/com.st.stm32cube.ide.mcu.externaltools.gnu-tools-for-stm32.11.3.rel1.win32_1.1.0.202305231506/tools/bin/../lib/gcc/arm-none-eabi/11.3.1/../../../../arm-none-eabi/lib/thumb/v7e-m+dp/hard\libc_nano.a(libc_a-memset.o)
 .debug_frame   0x0000000000003e14       0x2c D:/STM32CubeIDE_1.13.1/STM32CubeIDE/plugins/com.st.stm32cube.ide.mcu.externaltools.gnu-tools-for-stm32.11.3.rel1.win32_1.1.0.202305231506/tools/bin/../lib/gcc/arm-none-eabi/11.3.1/../../../../arm-none-eabi/lib/thumb/v7e-m+dp/hard\libc_nano.a(libc_a-closer.o)
 .debug_frame   0x0000000000003e40       0x38 D:/STM32CubeIDE_1.13.1/STM32CubeIDE/plugins/com.st.stm32cube.ide.mcu.externaltools.gnu-tools-for-stm32.11.3.rel1.win32_1.1.0.202305231506/tools/bin/../lib/gcc/arm-none-eabi/11.3.1/../../../../arm-none-eabi/lib/thumb/v7e-m+dp/hard\libc_nano.a(libc_a-reent.o)
 .debug_frame   0x0000000000003e78       0x2c D:/STM32CubeIDE_1.13.1/STM32CubeIDE/plugins/com.st.stm32cube.ide.mcu.externaltools.gnu-tools-for-stm32.11.3.rel1.win32_1.1.0.202305231506/tools/bin/../lib/gcc/arm-none-eabi/11.3.1/../../../../arm-none-eabi/lib/thumb/v7e-m+dp/hard\libc_nano.a(libc_a-lseekr.o)